MPLINK 4.48, Linker
Linker Map File - Created Sat Jul 25 15:15:39 2015

                                 Section Info
                  Section       Type    Address   Location Size(Bytes)
                ---------  ---------  ---------  ---------  ---------
               _entry_scn       code   0x000000    program   0x000006
           .code___init.o       code   0x000006    program   0x000002
              high_vector       code   0x000008    program   0x000018
         .code_fxd1616u.o       code   0x000020    program   0x00002c
         .romdata_uread.o    romdata   0x00004c    program   0x000000
  .idata_linearkeypad.o_i    romdata   0x00004c    program   0x000000
  .romdata_linearkeypad.o    romdata   0x00004c    program   0x000000
         .idata_uread.o_i    romdata   0x00004c    program   0x000000
         .romdata_uopen.o    romdata   0x00004c    program   0x000000
         .idata_uopen.o_i    romdata   0x00004c    program   0x000000
          .romdata_main.o    romdata   0x00004c    program   0x000000
        .romdata_t1open.o    romdata   0x00004c    program   0x000000
             .stringtable    romdata   0x00004c    program   0x000000
        .idata_t1open.o_i    romdata   0x00004c    program   0x000000
        .romdata_t0open.o    romdata   0x00004c    program   0x000000
        .idata_t0open.o_i    romdata   0x00004c    program   0x000000
      .romdata_fxd3232u.o    romdata   0x00004c    program   0x000000
      .romdata_fxd1616u.o    romdata   0x00004c    program   0x000000
      .romdata_busy_eep.o    romdata   0x00004c    program   0x000000
          .romdata_uart.o    romdata   0x00004c    program   0x000000
          .idata_uart.o_i    romdata   0x00004c    program   0x000000
         .romdata_timer.o    romdata   0x00004c    program   0x000000
         .romdata_c018i.o    romdata   0x00004c    program   0x000000
        .romdata___init.o    romdata   0x00004c    program   0x000000
       .romdata_write_B.o    romdata   0x00004c    program   0x000000
       .idata_write_B.o_i    romdata   0x00004c    program   0x000000
           .romdata_app.o    romdata   0x00004c    program   0x000000
       .romdata_t1write.o    romdata   0x00004c    program   0x000000
       .idata_t1write.o_i    romdata   0x00004c    program   0x000000
       .romdata_t0write.o    romdata   0x00004c    program   0x000000
         .romdata_board.o    romdata   0x00004c    program   0x000000
       .idata_t0write.o_i    romdata   0x00004c    program   0x000000
         .romdata_udefs.o    romdata   0x00004c    program   0x000000
  .romdata_digitdisplay.o    romdata   0x00004c    program   0x000000
         .idata_udefs.o_i    romdata   0x00004c    program   0x000000
        .romdata_read_B.o    romdata   0x00004c    program   0x000000
     .idata_heartBeat.o_i    romdata   0x00004c    program   0x000001
     .romdata_heartBeat.o    romdata   0x00004c    program   0x000000
        .idata_read_B.o_i    romdata   0x00004c    program   0x000000
.idata_interruptvector.o_i    romdata   0x00004c    program   0x000000
.romdata_interruptvector.o    romdata   0x00004c    program   0x000000
      .idata_fxd3232u.o_i    romdata   0x00004d    program   0x000000
      .idata_fxd1616u.o_i    romdata   0x00004d    program   0x000000
      .idata_busy_eep.o_i    romdata   0x00004d    program   0x000000
        .idata___init.o_i    romdata   0x00004d    program   0x000000
         .idata_c018i.o_i    romdata   0x00004d    program   0x000000
         .idata_board.o_i    romdata   0x00004d    program   0x000000
            .code_c018i.o       code   0x00004e    program   0x000000
            .code_udefs.o       code   0x00004e    program   0x000000
  .code_interruptvector.o       code   0x00004e    program   0x000000
                   .cinit    romdata   0x000050    program   0x00006e
              .code_app.o       code   0x0000be    program   0x000634
     .code_digitdisplay.o       code   0x0006f2    program   0x000578
             .code_uart.o       code   0x000c6a    program   0x00034e
     .code_linearkeypad.o       code   0x000fb8    program   0x000344
            .code_timer.o       code   0x0012fc    program   0x000294
             .code_main.o       code   0x001590    program   0x0000a2
               _cinit_scn       code   0x001632    program   0x00009e
            .code_uopen.o       code   0x0016d0    program   0x00008a
          .code_write_B.o       code   0x00175a    program   0x000066
         .code_fxd3232u.o       code   0x0017c0    program   0x000048
           .code_read_B.o       code   0x001808    program   0x000044
            .code_board.o       code   0x00184c    program   0x000044
           .code_t1open.o       code   0x001890    program   0x000042
            .code_uread.o       code   0x0018d2    program   0x00003e
          .code_t1write.o       code   0x001910    program   0x000038
          .code_t0write.o       code   0x001948    program   0x000038
           .code_t0open.o       code   0x001980    program   0x000038
                    .code       code   0x0019b8    program   0x000020
             _startup_scn       code   0x0019d8    program   0x00001c
        .code_heartBeat.o       code   0x0019f4    program   0x00001a
              D10TCYXCODE       code   0x001a0e    program   0x000016
         .code_busy_eep.o       code   0x001a24    program   0x000006
               uartdata_i    romdata   0x001a2a    program   0x00007e
               app_data_i    romdata   0x001aa8    program   0x000018
               LKP_DATA_i    romdata   0x001ac0    program   0x000020
           DISPLAY_DATA_i    romdata   0x001ae0    program   0x00001b
         .idata_timer.o_i    romdata   0x001afb    program   0x000014
          .idata_main.o_i    romdata   0x001b0f    program   0x000009
  .idata_digitdisplay.o_i    romdata   0x001b18    program   0x00000b
           .idata_app.o_i    romdata   0x001b23    program   0x000004
    .config_300001_main.o    romdata   0x300001    program   0x000001
    .config_300002_main.o    romdata   0x300002    program   0x000001
    .config_300003_main.o    romdata   0x300003    program   0x000001
    .config_300005_main.o    romdata   0x300005    program   0x000001
    .config_300006_main.o    romdata   0x300006    program   0x000001
    .config_300008_main.o    romdata   0x300008    program   0x000001
    .config_300009_main.o    romdata   0x300009    program   0x000001
    .config_30000a_main.o    romdata   0x30000a    program   0x000001
    .config_30000b_main.o    romdata   0x30000b    program   0x000001
    .config_30000c_main.o    romdata   0x30000c    program   0x000001
    .config_30000d_main.o    romdata   0x30000d    program   0x000001
                MATH_DATA      udata   0x000000       data   0x000010
                 .tmpdata      udata   0x000010       data   0x000004
                   .stack      udata   0x000080       data   0x000080
                 uartdata      idata   0x000200       data   0x00007e
             DISPLAY_DATA      idata   0x00027e       data   0x00001b
           .idata_timer.o      idata   0x000299       data   0x000014
    .idata_digitdisplay.o      idata   0x0002ad       data   0x00000b
           .udata_c018i.o      udata   0x0002b8       data   0x00000a
            .idata_main.o      idata   0x0002c2       data   0x000009
             .idata_app.o      idata   0x0002cb       data   0x000004
           .udata_udefs.o      udata   0x0002cf       data   0x000001
           .udata_board.o      udata   0x0002d0       data   0x000001
       .idata_heartBeat.o      idata   0x0002d1       data   0x000001
          .idata_t1open.o      idata   0x0002d2       data   0x000000
          .udata_t1open.o      udata   0x0002d2       data   0x000000
           .udata_uopen.o      udata   0x0002d2       data   0x000000
           .idata_uopen.o      idata   0x0002d2       data   0x000000
          .idata_t0open.o      idata   0x0002d2       data   0x000000
           .udata_uread.o      udata   0x0002d2       data   0x000000
           .idata_uread.o      idata   0x0002d2       data   0x000000
          .udata_t0open.o      udata   0x0002d2       data   0x000000
          .udata_read_B.o      udata   0x0002d2       data   0x000000
          .idata_read_B.o      idata   0x0002d2       data   0x000000
           .idata_udefs.o      idata   0x0002d2       data   0x000000
         .udata_t0write.o      udata   0x0002d2       data   0x000000
         .idata_t0write.o      idata   0x0002d2       data   0x000000
         .udata_t1write.o      udata   0x0002d2       data   0x000000
         .idata_t1write.o      idata   0x0002d2       data   0x000000
         .udata_write_B.o      udata   0x0002d2       data   0x000000
         .idata_write_B.o      idata   0x0002d2       data   0x000000
          .udata___init.o      udata   0x0002d2       data   0x000000
          .idata___init.o      idata   0x0002d2       data   0x000000
           .idata_c018i.o      idata   0x0002d2       data   0x000000
             .udata_app.o      udata   0x0002d2       data   0x000000
           .idata_board.o      idata   0x0002d2       data   0x000000
    .udata_digitdisplay.o      udata   0x0002d2       data   0x000000
       .udata_heartBeat.o      udata   0x0002d2       data   0x000000
 .udata_interruptvector.o      udata   0x0002d2       data   0x000000
 .idata_interruptvector.o      idata   0x0002d2       data   0x000000
    .udata_linearkeypad.o      udata   0x0002d2       data   0x000000
    .idata_linearkeypad.o      idata   0x0002d2       data   0x000000
            .udata_main.o      udata   0x0002d2       data   0x000000
           .udata_timer.o      udata   0x0002d2       data   0x000000
            .udata_uart.o      udata   0x0002d2       data   0x000000
            .idata_uart.o      idata   0x0002d2       data   0x000000
        .udata_busy_eep.o      udata   0x0002d2       data   0x000000
        .idata_busy_eep.o      idata   0x0002d2       data   0x000000
        .udata_fxd1616u.o      udata   0x0002d2       data   0x000000
        .idata_fxd1616u.o      idata   0x0002d2       data   0x000000
        .udata_fxd3232u.o      udata   0x0002d2       data   0x000000
        .idata_fxd3232u.o      idata   0x0002d2       data   0x000000
                 app_data      idata   0x000300       data   0x000018
                 LKP_DATA      idata   0x000400       data   0x000020
            SFR_UNBANKED0      udata   0x000f80       data   0x000080



                              Program Memory Usage 
                               Start         End      
                           ---------   ---------      
                            0x000000    0x00004c      
                            0x000050    0x001b26      
                            0x300001    0x300003      
                            0x300005    0x300006      
                            0x300008    0x30000d      
            6959 out of 33048 program addresses used, program memory utilization is 21%



                              Symbols - Sorted by Name
                     Name    Address   Location    Storage File                     
                ---------  ---------  ---------  --------- ---------                
           APP_conversion   0x00053c    program     extern C:\Users\IDEONICS-BNG\Documents\GitHub\Up_Timer_2_Mildstone\source\app.c
                 APP_init   0x0000be    program     extern C:\Users\IDEONICS-BNG\Documents\GitHub\Up_Timer_2_Mildstone\source\app.c
         APP_resetBuffer1   0x000692    program     extern C:\Users\IDEONICS-BNG\Documents\GitHub\Up_Timer_2_Mildstone\source\app.c
         APP_resetBuffer2   0x0006c2    program     extern C:\Users\IDEONICS-BNG\Documents\GitHub\Up_Timer_2_Mildstone\source\app.c
   APP_resetDisplayBuffer   0x000662    program     extern C:\Users\IDEONICS-BNG\Documents\GitHub\Up_Timer_2_Mildstone\source\app.c
                 APP_task   0x0001c4    program     extern C:\Users\IDEONICS-BNG\Documents\GitHub\Up_Timer_2_Mildstone\source\app.c
                 BRD_init   0x00184c    program     extern C:\Users\IDEONICS-BNG\Documents\GitHub\Up_Timer_2_Mildstone\source\board.c
                 Busy_eep   0x001a24    program     extern E:\c18v3.46\pic18-lt\cxx-framework\src\pmc_common\EEP\busy_eep.c
                    D10_1   0x001a1e    program     static E:\c18v3.46\pic18-lt\cxx-framework\src\traditional\delays\d10tcyx.asm
                     D10x   0x001a16    program     static E:\c18v3.46\pic18-lt\cxx-framework\src\traditional\delays\d10tcyx.asm
              Delay10TCYx   0x001a0e    program     extern E:\c18v3.46\pic18-lt\cxx-framework\src\traditional\delays\d10tcyx.asm
       DigitDisplay_DotOn   0x000a4e    program     extern C:\Users\IDEONICS-BNG\Documents\GitHub\Up_Timer_2_Mildstone\source\digitdisplay.c
    DigitDisplay_blinkOff   0x0009b4    program     extern C:\Users\IDEONICS-BNG\Documents\GitHub\Up_Timer_2_Mildstone\source\digitdisplay.c
     DigitDisplay_blinkOn   0x00097c    program     extern C:\Users\IDEONICS-BNG\Documents\GitHub\Up_Timer_2_Mildstone\source\digitdisplay.c
 DigitDisplay_blinkOn_ind   0x000bd8    program     extern C:\Users\IDEONICS-BNG\Documents\GitHub\Up_Timer_2_Mildstone\source\digitdisplay.c
       DigitDisplay_clear   0x0009c2    program     extern C:\Users\IDEONICS-BNG\Documents\GitHub\Up_Timer_2_Mildstone\source\digitdisplay.c
        DigitDisplay_init   0x0006f2    program     extern C:\Users\IDEONICS-BNG\Documents\GitHub\Up_Timer_2_Mildstone\source\digitdisplay.c
        DigitDisplay_task   0x000754    program     extern C:\Users\IDEONICS-BNG\Documents\GitHub\Up_Timer_2_Mildstone\source\digitdisplay.c
DigitDisplay_updateBuffer   0x0007da    program     extern C:\Users\IDEONICS-BNG\Documents\GitHub\Up_Timer_2_Mildstone\source\digitdisplay.c
DigitDisplay_updateBufferBinary   0x0008a4    program     extern C:\Users\IDEONICS-BNG\Documents\GitHub\Up_Timer_2_Mildstone\source\digitdisplay.c
DigitDisplay_updateBufferPartial   0x000af8    program     extern C:\Users\IDEONICS-BNG\Documents\GitHub\Up_Timer_2_Mildstone\source\digitdisplay.c
 DigitDisplay_updateDigit   0x0008f8    program     extern C:\Users\IDEONICS-BNG\Documents\GitHub\Up_Timer_2_Mildstone\source\digitdisplay.c
         EnableInterrupts   0x00001a    program     extern C:\Users\IDEONICS-BNG\Documents\GitHub\Up_Timer_2_Mildstone\source\interruptvector.c
                 FXD1616U   0x000020    program     extern E:\c18v3.46\pic18-lt\cxx-framework\src\traditional\math\fxd1616u.c
                 FXD3232U   0x0017c0    program     extern E:\c18v3.46\pic18-lt\cxx-framework\src\traditional\math\fxd3232u.c
               GetAppTime   0x001530    program     extern C:\Users\IDEONICS-BNG\Documents\GitHub\Up_Timer_2_Mildstone\source\timer.c
                  HB_init   0x0019f4    program     extern C:\Users\IDEONICS-BNG\Documents\GitHub\Up_Timer_2_Mildstone\source\heartBeat.c
                  HB_task   0x0019fa    program     extern C:\Users\IDEONICS-BNG\Documents\GitHub\Up_Timer_2_Mildstone\source\heartBeat.c
 LinearKeyPad_getKeyState   0x0010ba    program     extern C:\Users\IDEONICS-BNG\Documents\GitHub\Up_Timer_2_Mildstone\source\linearkeypad.c
  LinearKeyPad_getPBState   0x0010e4    program     extern C:\Users\IDEONICS-BNG\Documents\GitHub\Up_Timer_2_Mildstone\source\linearkeypad.c
        LinearKeyPad_init   0x000fb8    program     extern C:\Users\IDEONICS-BNG\Documents\GitHub\Up_Timer_2_Mildstone\source\linearkeypad.c
       LinearKeyPad_reset   0x00113e    program     extern C:\Users\IDEONICS-BNG\Documents\GitHub\Up_Timer_2_Mildstone\source\linearkeypad.c
        LinearKeyPad_scan   0x00106e    program     extern C:\Users\IDEONICS-BNG\Documents\GitHub\Up_Timer_2_Mildstone\source\linearkeypad.c
LinearKeyPad_scan_from_to   0x001014    program     extern C:\Users\IDEONICS-BNG\Documents\GitHub\Up_Timer_2_Mildstone\source\linearkeypad.c
   LinearKeyPad_updateKey   0x000fe8    program     extern C:\Users\IDEONICS-BNG\Documents\GitHub\Up_Timer_2_Mildstone\source\linearkeypad.c
               OpenTimer0   0x001980    program     extern E:\c18v3.46\pic18-lt\cxx-framework\src\pmc_common\Timers\t0open.c
               OpenTimer1   0x001890    program     extern E:\c18v3.46\pic18-lt\cxx-framework\src\pmc_common\Timers\t1open.c
                OpenUSART   0x0016d0    program     extern E:\c18v3.46\pic18-lt\cxx-framework\src\pmc_common\USART\uopen.c
                ReadUSART   0x0018d2    program     extern E:\c18v3.46\pic18-lt\cxx-framework\src\pmc_common\USART\uread.c
               Read_b_eep   0x001808    program     extern E:\c18v3.46\pic18-lt\cxx-framework\src\pmc_common\EEP\read_B.c
             ResetAppTime   0x001580    program     extern C:\Users\IDEONICS-BNG\Documents\GitHub\Up_Timer_2_Mildstone\source\timer.c
                 TMR0_ISR   0x0012fc    program     extern C:\Users\IDEONICS-BNG\Documents\GitHub\Up_Timer_2_Mildstone\source\timer.c
                TMR0_init   0x0014a2    program     extern C:\Users\IDEONICS-BNG\Documents\GitHub\Up_Timer_2_Mildstone\source\timer.c
                 TMR1_ISR   0x0013e8    program     extern C:\Users\IDEONICS-BNG\Documents\GitHub\Up_Timer_2_Mildstone\source\timer.c
                TMR1_init   0x0014e8    program     extern C:\Users\IDEONICS-BNG\Documents\GitHub\Up_Timer_2_Mildstone\source\timer.c
             UART_hasData   0x000f2e    program     extern C:\Users\IDEONICS-BNG\Documents\GitHub\Up_Timer_2_Mildstone\source\uart.c
                UART_init   0x000dac    program     extern C:\Users\IDEONICS-BNG\Documents\GitHub\Up_Timer_2_Mildstone\source\uart.c
                UART_read   0x000f68    program     extern C:\Users\IDEONICS-BNG\Documents\GitHub\Up_Timer_2_Mildstone\source\uart.c
            UART_transmit   0x000eac    program     extern C:\Users\IDEONICS-BNG\Documents\GitHub\Up_Timer_2_Mildstone\source\uart.c
               UART_write   0x000e74    program     extern C:\Users\IDEONICS-BNG\Documents\GitHub\Up_Timer_2_Mildstone\source\uart.c
       UartReceiveHandler   0x000c6a    program     extern C:\Users\IDEONICS-BNG\Documents\GitHub\Up_Timer_2_Mildstone\source\uart.c
      UartTransmitHandler   0x000d34    program     extern C:\Users\IDEONICS-BNG\Documents\GitHub\Up_Timer_2_Mildstone\source\uart.c
              WriteTimer0   0x001948    program     extern E:\c18v3.46\pic18-lt\cxx-framework\src\pmc_common\Timers\t0write.c
              WriteTimer1   0x001910    program     extern E:\c18v3.46\pic18-lt\cxx-framework\src\pmc_common\Timers\t1write.c
              Write_b_eep   0x00175a    program     extern E:\c18v3.46\pic18-lt\cxx-framework\src\pmc_common\EEP\write_B.c
        _D10TCYXCODE_000A   0x001a18    program     static E:\c18v3.46\pic18-lt\cxx-framework\src\traditional\delays\d10tcyx.asm
        _D10TCYXCODE_000C   0x001a1a    program     static E:\c18v3.46\pic18-lt\cxx-framework\src\traditional\delays\d10tcyx.asm
        _D10TCYXCODE_000E   0x001a1c    program     static E:\c18v3.46\pic18-lt\cxx-framework\src\traditional\delays\d10tcyx.asm
           ___if_lbl00001   0x000010    program     static                          
           ___if_lbl00002   0x000018    program     static                          
       ___return_lbl00000   0x000004    program     static                          
       ___return_lbl00000   0x00004a    program     static                          
       ___return_lbl00000   0x001840    program     static                          
       ___return_lbl00000   0x000018    program     static                          
       ___return_lbl00000   0x001806    program     static                          
       ___return_lbl00001   0x0019f2    program     static                          
       ___return_lbl00002   0x0016ce    program     static                          
               __config_0   0x300001    program     static C:\Users\IDEONICS-BNG\Documents\GitHub\Up_Timer_2_Mildstone\source\main.c
               __config_1   0x300002    program     static C:\Users\IDEONICS-BNG\Documents\GitHub\Up_Timer_2_Mildstone\source\main.c
              __config_10   0x30000d    program     static C:\Users\IDEONICS-BNG\Documents\GitHub\Up_Timer_2_Mildstone\source\main.c
               __config_2   0x300003    program     static C:\Users\IDEONICS-BNG\Documents\GitHub\Up_Timer_2_Mildstone\source\main.c
               __config_3   0x300005    program     static C:\Users\IDEONICS-BNG\Documents\GitHub\Up_Timer_2_Mildstone\source\main.c
               __config_4   0x300006    program     static C:\Users\IDEONICS-BNG\Documents\GitHub\Up_Timer_2_Mildstone\source\main.c
               __config_5   0x300008    program     static C:\Users\IDEONICS-BNG\Documents\GitHub\Up_Timer_2_Mildstone\source\main.c
               __config_6   0x300009    program     static C:\Users\IDEONICS-BNG\Documents\GitHub\Up_Timer_2_Mildstone\source\main.c
               __config_7   0x30000a    program     static C:\Users\IDEONICS-BNG\Documents\GitHub\Up_Timer_2_Mildstone\source\main.c
               __config_8   0x30000b    program     static C:\Users\IDEONICS-BNG\Documents\GitHub\Up_Timer_2_Mildstone\source\main.c
               __config_9   0x30000c    program     static C:\Users\IDEONICS-BNG\Documents\GitHub\Up_Timer_2_Mildstone\source\main.c
                   __init   0x000006    program     extern E:\c18v3.46\pic18-lt\cxx-framework\src\traditional\stdclib\__init.c
            __zero_memory   0x0019b8    program     extern E:\c18v3.46\pic18-lt\cxx-framework\src\traditional\proc\p18f4520.asm
                _do_cinit   0x001632    program     extern E:\c18v3.46\pic18-lt\cxx-framework\src\traditional\startup\c018i.c
                   _entry   0x000000    program     extern E:\c18v3.46\pic18-lt\cxx-framework\src\traditional\startup\c018i.c
                   _false   0x001802    program     static                          
                 _startup   0x0019d8    program     extern E:\c18v3.46\pic18-lt\cxx-framework\src\traditional\startup\c018i.c
                compare_l   0x0019ce    program     static E:\c18v3.46\pic18-lt\cxx-framework\src\traditional\proc\p18f4520.asm
                copy_loop   0x0016a4    program     static                          
            copy_one_byte   0x0016aa    program     static                          
                     done   0x0016ce    program     static                          
             done_copying   0x0016b8    program     static                          
                  endloop   0x000046    program     static                          
           high_interrupt   0x000008    program     extern C:\Users\IDEONICS-BNG\Documents\GitHub\Up_Timer_2_Mildstone\source\interruptvector.c
                     loop   0x0019e8    program     static                          
                     loop   0x00002a    program     static                          
                     loop   0x0017ce    program     static                          
                   loop_h   0x0019c6    program     static E:\c18v3.46\pic18-lt\cxx-framework\src\traditional\proc\p18f4520.asm
                   loop_l   0x0019d0    program     static E:\c18v3.46\pic18-lt\cxx-framework\src\traditional\proc\p18f4520.asm
                     main   0x001590    program     extern C:\Users\IDEONICS-BNG\Documents\GitHub\Up_Timer_2_Mildstone\source\main.c
           readKeyPadPort   0x00118c    program     static C:\Users\IDEONICS-BNG\Documents\GitHub\Up_Timer_2_Mildstone\source\linearkeypad.c
                     test   0x00164c    program     static                          
                updateKey   0x0011dc    program     static C:\Users\IDEONICS-BNG\Documents\GitHub\Up_Timer_2_Mildstone\source\linearkeypad.c
                 validate   0x000ab4    program     static C:\Users\IDEONICS-BNG\Documents\GitHub\Up_Timer_2_Mildstone\source\digitdisplay.c
       writeToDisplayPort   0x0009f6    program     static C:\Users\IDEONICS-BNG\Documents\GitHub\Up_Timer_2_Mildstone\source\digitdisplay.c
               zero_block   0x0019c6    program     static E:\c18v3.46\pic18-lt\cxx-framework\src\traditional\proc\p18f4520.asm
                   ADCON0   0x000fc2       data     extern E:\c18v3.46\pic18-lt\cxx-framework\src\traditional\proc\p18f4520.asm
               ADCON0bits   0x000fc2       data     extern E:\c18v3.46\pic18-lt\cxx-framework\src\traditional\proc\p18f4520.asm
                   ADCON1   0x000fc1       data     extern E:\c18v3.46\pic18-lt\cxx-framework\src\traditional\proc\p18f4520.asm
               ADCON1bits   0x000fc1       data     extern E:\c18v3.46\pic18-lt\cxx-framework\src\traditional\proc\p18f4520.asm
                   ADCON2   0x000fc0       data     extern E:\c18v3.46\pic18-lt\cxx-framework\src\traditional\proc\p18f4520.asm
               ADCON2bits   0x000fc0       data     extern E:\c18v3.46\pic18-lt\cxx-framework\src\traditional\proc\p18f4520.asm
                    ADRES   0x000fc3       data     extern E:\c18v3.46\pic18-lt\cxx-framework\src\traditional\proc\p18f4520.asm
                   ADRESH   0x000fc4       data     extern E:\c18v3.46\pic18-lt\cxx-framework\src\traditional\proc\p18f4520.asm
                   ADRESL   0x000fc3       data     extern E:\c18v3.46\pic18-lt\cxx-framework\src\traditional\proc\p18f4520.asm
             AppTimestamp   0x0002a9       data     extern C:\Users\IDEONICS-BNG\Documents\GitHub\Up_Timer_2_Mildstone\source\timer.c
                  BAUDCON   0x000fb8       data     extern E:\c18v3.46\pic18-lt\cxx-framework\src\traditional\proc\p18f4520.asm
              BAUDCONbits   0x000fb8       data     extern E:\c18v3.46\pic18-lt\cxx-framework\src\traditional\proc\p18f4520.asm
                  BAUDCTL   0x000fb8       data     extern E:\c18v3.46\pic18-lt\cxx-framework\src\traditional\proc\p18f4520.asm
              BAUDCTLbits   0x000fb8       data     extern E:\c18v3.46\pic18-lt\cxx-framework\src\traditional\proc\p18f4520.asm
                      BSR   0x000fe0       data     extern E:\c18v3.46\pic18-lt\cxx-framework\src\traditional\proc\p18f4520.asm
                  CCP1CON   0x000fbd       data     extern E:\c18v3.46\pic18-lt\cxx-framework\src\traditional\proc\p18f4520.asm
              CCP1CONbits   0x000fbd       data     extern E:\c18v3.46\pic18-lt\cxx-framework\src\traditional\proc\p18f4520.asm
                  CCP2CON   0x000fba       data     extern E:\c18v3.46\pic18-lt\cxx-framework\src\traditional\proc\p18f4520.asm
              CCP2CONbits   0x000fba       data     extern E:\c18v3.46\pic18-lt\cxx-framework\src\traditional\proc\p18f4520.asm
                    CCPR1   0x000fbe       data     extern E:\c18v3.46\pic18-lt\cxx-framework\src\traditional\proc\p18f4520.asm
                   CCPR1H   0x000fbf       data     extern E:\c18v3.46\pic18-lt\cxx-framework\src\traditional\proc\p18f4520.asm
                   CCPR1L   0x000fbe       data     extern E:\c18v3.46\pic18-lt\cxx-framework\src\traditional\proc\p18f4520.asm
                    CCPR2   0x000fbb       data     extern E:\c18v3.46\pic18-lt\cxx-framework\src\traditional\proc\p18f4520.asm
                   CCPR2H   0x000fbc       data     extern E:\c18v3.46\pic18-lt\cxx-framework\src\traditional\proc\p18f4520.asm
                   CCPR2L   0x000fbb       data     extern E:\c18v3.46\pic18-lt\cxx-framework\src\traditional\proc\p18f4520.asm
                    CMCON   0x000fb4       data     extern E:\c18v3.46\pic18-lt\cxx-framework\src\traditional\proc\p18f4520.asm
                CMCONbits   0x000fb4       data     extern E:\c18v3.46\pic18-lt\cxx-framework\src\traditional\proc\p18f4520.asm
                   CVRCON   0x000fb5       data     extern E:\c18v3.46\pic18-lt\cxx-framework\src\traditional\proc\p18f4520.asm
               CVRCONbits   0x000fb5       data     extern E:\c18v3.46\pic18-lt\cxx-framework\src\traditional\proc\p18f4520.asm
                     DDRA   0x000f92       data     extern E:\c18v3.46\pic18-lt\cxx-framework\src\traditional\proc\p18f4520.asm
                 DDRAbits   0x000f92       data     extern E:\c18v3.46\pic18-lt\cxx-framework\src\traditional\proc\p18f4520.asm
                     DDRB   0x000f93       data     extern E:\c18v3.46\pic18-lt\cxx-framework\src\traditional\proc\p18f4520.asm
                 DDRBbits   0x000f93       data     extern E:\c18v3.46\pic18-lt\cxx-framework\src\traditional\proc\p18f4520.asm
                     DDRC   0x000f94       data     extern E:\c18v3.46\pic18-lt\cxx-framework\src\traditional\proc\p18f4520.asm
                 DDRCbits   0x000f94       data     extern E:\c18v3.46\pic18-lt\cxx-framework\src\traditional\proc\p18f4520.asm
                     DDRD   0x000f95       data     extern E:\c18v3.46\pic18-lt\cxx-framework\src\traditional\proc\p18f4520.asm
                 DDRDbits   0x000f95       data     extern E:\c18v3.46\pic18-lt\cxx-framework\src\traditional\proc\p18f4520.asm
                     DDRE   0x000f96       data     extern E:\c18v3.46\pic18-lt\cxx-framework\src\traditional\proc\p18f4520.asm
                 DDREbits   0x000f96       data     extern E:\c18v3.46\pic18-lt\cxx-framework\src\traditional\proc\p18f4520.asm
                  ECCP1AS   0x000fb6       data     extern E:\c18v3.46\pic18-lt\cxx-framework\src\traditional\proc\p18f4520.asm
              ECCP1ASbits   0x000fb6       data     extern E:\c18v3.46\pic18-lt\cxx-framework\src\traditional\proc\p18f4520.asm
                 ECCP1DEL   0x000fb7       data     extern E:\c18v3.46\pic18-lt\cxx-framework\src\traditional\proc\p18f4520.asm
             ECCP1DELbits   0x000fb7       data     extern E:\c18v3.46\pic18-lt\cxx-framework\src\traditional\proc\p18f4520.asm
                   ECCPAS   0x000fb6       data     extern E:\c18v3.46\pic18-lt\cxx-framework\src\traditional\proc\p18f4520.asm
               ECCPASbits   0x000fb6       data     extern E:\c18v3.46\pic18-lt\cxx-framework\src\traditional\proc\p18f4520.asm
                    EEADR   0x000fa9       data     extern E:\c18v3.46\pic18-lt\cxx-framework\src\traditional\proc\p18f4520.asm
                   EECON1   0x000fa6       data     extern E:\c18v3.46\pic18-lt\cxx-framework\src\traditional\proc\p18f4520.asm
               EECON1bits   0x000fa6       data     extern E:\c18v3.46\pic18-lt\cxx-framework\src\traditional\proc\p18f4520.asm
                   EECON2   0x000fa7       data     extern E:\c18v3.46\pic18-lt\cxx-framework\src\traditional\proc\p18f4520.asm
                   EEDATA   0x000fa8       data     extern E:\c18v3.46\pic18-lt\cxx-framework\src\traditional\proc\p18f4520.asm
                     FSR0   0x000fe9       data     extern E:\c18v3.46\pic18-lt\cxx-framework\src\traditional\proc\p18f4520.asm
                    FSR0H   0x000fea       data     extern E:\c18v3.46\pic18-lt\cxx-framework\src\traditional\proc\p18f4520.asm
                    FSR0L   0x000fe9       data     extern E:\c18v3.46\pic18-lt\cxx-framework\src\traditional\proc\p18f4520.asm
                     FSR1   0x000fe1       data     extern E:\c18v3.46\pic18-lt\cxx-framework\src\traditional\proc\p18f4520.asm
                    FSR1H   0x000fe2       data     extern E:\c18v3.46\pic18-lt\cxx-framework\src\traditional\proc\p18f4520.asm
                    FSR1L   0x000fe1       data     extern E:\c18v3.46\pic18-lt\cxx-framework\src\traditional\proc\p18f4520.asm
                     FSR2   0x000fd9       data     extern E:\c18v3.46\pic18-lt\cxx-framework\src\traditional\proc\p18f4520.asm
                    FSR2H   0x000fda       data     extern E:\c18v3.46\pic18-lt\cxx-framework\src\traditional\proc\p18f4520.asm
                    FSR2L   0x000fd9       data     extern E:\c18v3.46\pic18-lt\cxx-framework\src\traditional\proc\p18f4520.asm
                  HLVDCON   0x000fd2       data     extern E:\c18v3.46\pic18-lt\cxx-framework\src\traditional\proc\p18f4520.asm
              HLVDCONbits   0x000fd2       data     extern E:\c18v3.46\pic18-lt\cxx-framework\src\traditional\proc\p18f4520.asm
                    INDF0   0x000fef       data     extern E:\c18v3.46\pic18-lt\cxx-framework\src\traditional\proc\p18f4520.asm
                    INDF1   0x000fe7       data     extern E:\c18v3.46\pic18-lt\cxx-framework\src\traditional\proc\p18f4520.asm
                    INDF2   0x000fdf       data     extern E:\c18v3.46\pic18-lt\cxx-framework\src\traditional\proc\p18f4520.asm
                   INTCON   0x000ff2       data     extern E:\c18v3.46\pic18-lt\cxx-framework\src\traditional\proc\p18f4520.asm
                  INTCON2   0x000ff1       data     extern E:\c18v3.46\pic18-lt\cxx-framework\src\traditional\proc\p18f4520.asm
              INTCON2bits   0x000ff1       data     extern E:\c18v3.46\pic18-lt\cxx-framework\src\traditional\proc\p18f4520.asm
                  INTCON3   0x000ff0       data     extern E:\c18v3.46\pic18-lt\cxx-framework\src\traditional\proc\p18f4520.asm
              INTCON3bits   0x000ff0       data     extern E:\c18v3.46\pic18-lt\cxx-framework\src\traditional\proc\p18f4520.asm
               INTCONbits   0x000ff2       data     extern E:\c18v3.46\pic18-lt\cxx-framework\src\traditional\proc\p18f4520.asm
                     IPR1   0x000f9f       data     extern E:\c18v3.46\pic18-lt\cxx-framework\src\traditional\proc\p18f4520.asm
                 IPR1bits   0x000f9f       data     extern E:\c18v3.46\pic18-lt\cxx-framework\src\traditional\proc\p18f4520.asm
                     IPR2   0x000fa2       data     extern E:\c18v3.46\pic18-lt\cxx-framework\src\traditional\proc\p18f4520.asm
                 IPR2bits   0x000fa2       data     extern E:\c18v3.46\pic18-lt\cxx-framework\src\traditional\proc\p18f4520.asm
                     LATA   0x000f89       data     extern E:\c18v3.46\pic18-lt\cxx-framework\src\traditional\proc\p18f4520.asm
                 LATAbits   0x000f89       data     extern E:\c18v3.46\pic18-lt\cxx-framework\src\traditional\proc\p18f4520.asm
                     LATB   0x000f8a       data     extern E:\c18v3.46\pic18-lt\cxx-framework\src\traditional\proc\p18f4520.asm
                 LATBbits   0x000f8a       data     extern E:\c18v3.46\pic18-lt\cxx-framework\src\traditional\proc\p18f4520.asm
                     LATC   0x000f8b       data     extern E:\c18v3.46\pic18-lt\cxx-framework\src\traditional\proc\p18f4520.asm
                 LATCbits   0x000f8b       data     extern E:\c18v3.46\pic18-lt\cxx-framework\src\traditional\proc\p18f4520.asm
                     LATD   0x000f8c       data     extern E:\c18v3.46\pic18-lt\cxx-framework\src\traditional\proc\p18f4520.asm
                 LATDbits   0x000f8c       data     extern E:\c18v3.46\pic18-lt\cxx-framework\src\traditional\proc\p18f4520.asm
                     LATE   0x000f8d       data     extern E:\c18v3.46\pic18-lt\cxx-framework\src\traditional\proc\p18f4520.asm
                 LATEbits   0x000f8d       data     extern E:\c18v3.46\pic18-lt\cxx-framework\src\traditional\proc\p18f4520.asm
                   LVDCON   0x000fd2       data     extern E:\c18v3.46\pic18-lt\cxx-framework\src\traditional\proc\p18f4520.asm
               LVDCONbits   0x000fd2       data     extern E:\c18v3.46\pic18-lt\cxx-framework\src\traditional\proc\p18f4520.asm
                   OSCCON   0x000fd3       data     extern E:\c18v3.46\pic18-lt\cxx-framework\src\traditional\proc\p18f4520.asm
               OSCCONbits   0x000fd3       data     extern E:\c18v3.46\pic18-lt\cxx-framework\src\traditional\proc\p18f4520.asm
                  OSCTUNE   0x000f9b       data     extern E:\c18v3.46\pic18-lt\cxx-framework\src\traditional\proc\p18f4520.asm
              OSCTUNEbits   0x000f9b       data     extern E:\c18v3.46\pic18-lt\cxx-framework\src\traditional\proc\p18f4520.asm
                       PC   0x000ff9       data     extern E:\c18v3.46\pic18-lt\cxx-framework\src\traditional\proc\p18f4520.asm
                      PCL   0x000ff9       data     extern E:\c18v3.46\pic18-lt\cxx-framework\src\traditional\proc\p18f4520.asm
                   PCLATH   0x000ffa       data     extern E:\c18v3.46\pic18-lt\cxx-framework\src\traditional\proc\p18f4520.asm
                   PCLATU   0x000ffb       data     extern E:\c18v3.46\pic18-lt\cxx-framework\src\traditional\proc\p18f4520.asm
                     PIE1   0x000f9d       data     extern E:\c18v3.46\pic18-lt\cxx-framework\src\traditional\proc\p18f4520.asm
                 PIE1bits   0x000f9d       data     extern E:\c18v3.46\pic18-lt\cxx-framework\src\traditional\proc\p18f4520.asm
                     PIE2   0x000fa0       data     extern E:\c18v3.46\pic18-lt\cxx-framework\src\traditional\proc\p18f4520.asm
                 PIE2bits   0x000fa0       data     extern E:\c18v3.46\pic18-lt\cxx-framework\src\traditional\proc\p18f4520.asm
                     PIR1   0x000f9e       data     extern E:\c18v3.46\pic18-lt\cxx-framework\src\traditional\proc\p18f4520.asm
                 PIR1bits   0x000f9e       data     extern E:\c18v3.46\pic18-lt\cxx-framework\src\traditional\proc\p18f4520.asm
                     PIR2   0x000fa1       data     extern E:\c18v3.46\pic18-lt\cxx-framework\src\traditional\proc\p18f4520.asm
                 PIR2bits   0x000fa1       data     extern E:\c18v3.46\pic18-lt\cxx-framework\src\traditional\proc\p18f4520.asm
                   PLUSW0   0x000feb       data     extern E:\c18v3.46\pic18-lt\cxx-framework\src\traditional\proc\p18f4520.asm
                   PLUSW1   0x000fe3       data     extern E:\c18v3.46\pic18-lt\cxx-framework\src\traditional\proc\p18f4520.asm
                   PLUSW2   0x000fdb       data     extern E:\c18v3.46\pic18-lt\cxx-framework\src\traditional\proc\p18f4520.asm
                    PORTA   0x000f80       data     extern E:\c18v3.46\pic18-lt\cxx-framework\src\traditional\proc\p18f4520.asm
                PORTAbits   0x000f80       data     extern E:\c18v3.46\pic18-lt\cxx-framework\src\traditional\proc\p18f4520.asm
                    PORTB   0x000f81       data     extern E:\c18v3.46\pic18-lt\cxx-framework\src\traditional\proc\p18f4520.asm
                PORTBbits   0x000f81       data     extern E:\c18v3.46\pic18-lt\cxx-framework\src\traditional\proc\p18f4520.asm
                    PORTC   0x000f82       data     extern E:\c18v3.46\pic18-lt\cxx-framework\src\traditional\proc\p18f4520.asm
                PORTCbits   0x000f82       data     extern E:\c18v3.46\pic18-lt\cxx-framework\src\traditional\proc\p18f4520.asm
                    PORTD   0x000f83       data     extern E:\c18v3.46\pic18-lt\cxx-framework\src\traditional\proc\p18f4520.asm
                PORTDbits   0x000f83       data     extern E:\c18v3.46\pic18-lt\cxx-framework\src\traditional\proc\p18f4520.asm
                    PORTE   0x000f84       data     extern E:\c18v3.46\pic18-lt\cxx-framework\src\traditional\proc\p18f4520.asm
                PORTEbits   0x000f84       data     extern E:\c18v3.46\pic18-lt\cxx-framework\src\traditional\proc\p18f4520.asm
                 POSTDEC0   0x000fed       data     extern E:\c18v3.46\pic18-lt\cxx-framework\src\traditional\proc\p18f4520.asm
                 POSTDEC1   0x000fe5       data     extern E:\c18v3.46\pic18-lt\cxx-framework\src\traditional\proc\p18f4520.asm
                 POSTDEC2   0x000fdd       data     extern E:\c18v3.46\pic18-lt\cxx-framework\src\traditional\proc\p18f4520.asm
                 POSTINC0   0x000fee       data     extern E:\c18v3.46\pic18-lt\cxx-framework\src\traditional\proc\p18f4520.asm
                 POSTINC1   0x000fe6       data     extern E:\c18v3.46\pic18-lt\cxx-framework\src\traditional\proc\p18f4520.asm
                 POSTINC2   0x000fde       data     extern E:\c18v3.46\pic18-lt\cxx-framework\src\traditional\proc\p18f4520.asm
                      PR2   0x000fcb       data     extern E:\c18v3.46\pic18-lt\cxx-framework\src\traditional\proc\p18f4520.asm
                  PREINC0   0x000fec       data     extern E:\c18v3.46\pic18-lt\cxx-framework\src\traditional\proc\p18f4520.asm
                  PREINC1   0x000fe4       data     extern E:\c18v3.46\pic18-lt\cxx-framework\src\traditional\proc\p18f4520.asm
                  PREINC2   0x000fdc       data     extern E:\c18v3.46\pic18-lt\cxx-framework\src\traditional\proc\p18f4520.asm
                     PROD   0x000ff3       data     extern E:\c18v3.46\pic18-lt\cxx-framework\src\traditional\proc\p18f4520.asm
                    PRODH   0x000ff4       data     extern E:\c18v3.46\pic18-lt\cxx-framework\src\traditional\proc\p18f4520.asm
                    PRODL   0x000ff3       data     extern E:\c18v3.46\pic18-lt\cxx-framework\src\traditional\proc\p18f4520.asm
                  PWM1CON   0x000fb7       data     extern E:\c18v3.46\pic18-lt\cxx-framework\src\traditional\proc\p18f4520.asm
              PWM1CONbits   0x000fb7       data     extern E:\c18v3.46\pic18-lt\cxx-framework\src\traditional\proc\p18f4520.asm
                     RCON   0x000fd0       data     extern E:\c18v3.46\pic18-lt\cxx-framework\src\traditional\proc\p18f4520.asm
                 RCONbits   0x000fd0       data     extern E:\c18v3.46\pic18-lt\cxx-framework\src\traditional\proc\p18f4520.asm
                    RCREG   0x000fae       data     extern E:\c18v3.46\pic18-lt\cxx-framework\src\traditional\proc\p18f4520.asm
                    RCSTA   0x000fab       data     extern E:\c18v3.46\pic18-lt\cxx-framework\src\traditional\proc\p18f4520.asm
                RCSTAbits   0x000fab       data     extern E:\c18v3.46\pic18-lt\cxx-framework\src\traditional\proc\p18f4520.asm
             SEVENSEGMENT   0x0002ad       data     static C:\Users\IDEONICS-BNG\Documents\GitHub\Up_Timer_2_Mildstone\source\digitdisplay.c
                     SIGN   0x00000e       data     extern E:\c18v3.46\pic18-lt\cxx-framework\src\traditional\math\cmath18.asm
                    SPBRG   0x000faf       data     extern E:\c18v3.46\pic18-lt\cxx-framework\src\traditional\proc\p18f4520.asm
                   SPBRGH   0x000fb0       data     extern E:\c18v3.46\pic18-lt\cxx-framework\src\traditional\proc\p18f4520.asm
                   SSPADD   0x000fc8       data     extern E:\c18v3.46\pic18-lt\cxx-framework\src\traditional\proc\p18f4520.asm
                   SSPBUF   0x000fc9       data     extern E:\c18v3.46\pic18-lt\cxx-framework\src\traditional\proc\p18f4520.asm
                  SSPCON1   0x000fc6       data     extern E:\c18v3.46\pic18-lt\cxx-framework\src\traditional\proc\p18f4520.asm
              SSPCON1bits   0x000fc6       data     extern E:\c18v3.46\pic18-lt\cxx-framework\src\traditional\proc\p18f4520.asm
                  SSPCON2   0x000fc5       data     extern E:\c18v3.46\pic18-lt\cxx-framework\src\traditional\proc\p18f4520.asm
              SSPCON2bits   0x000fc5       data     extern E:\c18v3.46\pic18-lt\cxx-framework\src\traditional\proc\p18f4520.asm
                  SSPSTAT   0x000fc7       data     extern E:\c18v3.46\pic18-lt\cxx-framework\src\traditional\proc\p18f4520.asm
              SSPSTATbits   0x000fc7       data     extern E:\c18v3.46\pic18-lt\cxx-framework\src\traditional\proc\p18f4520.asm
                   STATUS   0x000fd8       data     extern E:\c18v3.46\pic18-lt\cxx-framework\src\traditional\proc\p18f4520.asm
               STATUSbits   0x000fd8       data     extern E:\c18v3.46\pic18-lt\cxx-framework\src\traditional\proc\p18f4520.asm
                   STKPTR   0x000ffc       data     extern E:\c18v3.46\pic18-lt\cxx-framework\src\traditional\proc\p18f4520.asm
               STKPTRbits   0x000ffc       data     extern E:\c18v3.46\pic18-lt\cxx-framework\src\traditional\proc\p18f4520.asm
                    T0CON   0x000fd5       data     extern E:\c18v3.46\pic18-lt\cxx-framework\src\traditional\proc\p18f4520.asm
                T0CONbits   0x000fd5       data     extern E:\c18v3.46\pic18-lt\cxx-framework\src\traditional\proc\p18f4520.asm
                    T1CON   0x000fcd       data     extern E:\c18v3.46\pic18-lt\cxx-framework\src\traditional\proc\p18f4520.asm
                T1CONbits   0x000fcd       data     extern E:\c18v3.46\pic18-lt\cxx-framework\src\traditional\proc\p18f4520.asm
                    T2CON   0x000fca       data     extern E:\c18v3.46\pic18-lt\cxx-framework\src\traditional\proc\p18f4520.asm
                T2CONbits   0x000fca       data     extern E:\c18v3.46\pic18-lt\cxx-framework\src\traditional\proc\p18f4520.asm
                    T3CON   0x000fb1       data     extern E:\c18v3.46\pic18-lt\cxx-framework\src\traditional\proc\p18f4520.asm
                T3CONbits   0x000fb1       data     extern E:\c18v3.46\pic18-lt\cxx-framework\src\traditional\proc\p18f4520.asm
                   TABLAT   0x000ff5       data     extern E:\c18v3.46\pic18-lt\cxx-framework\src\traditional\proc\p18f4520.asm
                   TBLPTR   0x000ff6       data     extern E:\c18v3.46\pic18-lt\cxx-framework\src\traditional\proc\p18f4520.asm
                  TBLPTRH   0x000ff7       data     extern E:\c18v3.46\pic18-lt\cxx-framework\src\traditional\proc\p18f4520.asm
                  TBLPTRL   0x000ff6       data     extern E:\c18v3.46\pic18-lt\cxx-framework\src\traditional\proc\p18f4520.asm
                  TBLPTRU   0x000ff8       data     extern E:\c18v3.46\pic18-lt\cxx-framework\src\traditional\proc\p18f4520.asm
                    TMR0H   0x000fd7       data     extern E:\c18v3.46\pic18-lt\cxx-framework\src\traditional\proc\p18f4520.asm
                    TMR0L   0x000fd6       data     extern E:\c18v3.46\pic18-lt\cxx-framework\src\traditional\proc\p18f4520.asm
                    TMR1H   0x000fcf       data     extern E:\c18v3.46\pic18-lt\cxx-framework\src\traditional\proc\p18f4520.asm
                    TMR1L   0x000fce       data     extern E:\c18v3.46\pic18-lt\cxx-framework\src\traditional\proc\p18f4520.asm
                     TMR2   0x000fcc       data     extern E:\c18v3.46\pic18-lt\cxx-framework\src\traditional\proc\p18f4520.asm
                    TMR3H   0x000fb3       data     extern E:\c18v3.46\pic18-lt\cxx-framework\src\traditional\proc\p18f4520.asm
                    TMR3L   0x000fb2       data     extern E:\c18v3.46\pic18-lt\cxx-framework\src\traditional\proc\p18f4520.asm
                      TOS   0x000ffd       data     extern E:\c18v3.46\pic18-lt\cxx-framework\src\traditional\proc\p18f4520.asm
                     TOSH   0x000ffe       data     extern E:\c18v3.46\pic18-lt\cxx-framework\src\traditional\proc\p18f4520.asm
                     TOSL   0x000ffd       data     extern E:\c18v3.46\pic18-lt\cxx-framework\src\traditional\proc\p18f4520.asm
                     TOSU   0x000fff       data     extern E:\c18v3.46\pic18-lt\cxx-framework\src\traditional\proc\p18f4520.asm
                    TRISA   0x000f92       data     extern E:\c18v3.46\pic18-lt\cxx-framework\src\traditional\proc\p18f4520.asm
                TRISAbits   0x000f92       data     extern E:\c18v3.46\pic18-lt\cxx-framework\src\traditional\proc\p18f4520.asm
                    TRISB   0x000f93       data     extern E:\c18v3.46\pic18-lt\cxx-framework\src\traditional\proc\p18f4520.asm
                TRISBbits   0x000f93       data     extern E:\c18v3.46\pic18-lt\cxx-framework\src\traditional\proc\p18f4520.asm
                    TRISC   0x000f94       data     extern E:\c18v3.46\pic18-lt\cxx-framework\src\traditional\proc\p18f4520.asm
                TRISCbits   0x000f94       data     extern E:\c18v3.46\pic18-lt\cxx-framework\src\traditional\proc\p18f4520.asm
                    TRISD   0x000f95       data     extern E:\c18v3.46\pic18-lt\cxx-framework\src\traditional\proc\p18f4520.asm
                TRISDbits   0x000f95       data     extern E:\c18v3.46\pic18-lt\cxx-framework\src\traditional\proc\p18f4520.asm
                    TRISE   0x000f96       data     extern E:\c18v3.46\pic18-lt\cxx-framework\src\traditional\proc\p18f4520.asm
                TRISEbits   0x000f96       data     extern E:\c18v3.46\pic18-lt\cxx-framework\src\traditional\proc\p18f4520.asm
                    TXREG   0x000fad       data     extern E:\c18v3.46\pic18-lt\cxx-framework\src\traditional\proc\p18f4520.asm
                    TXSTA   0x000fac       data     extern E:\c18v3.46\pic18-lt\cxx-framework\src\traditional\proc\p18f4520.asm
                TXSTAbits   0x000fac       data     extern E:\c18v3.46\pic18-lt\cxx-framework\src\traditional\proc\p18f4520.asm
             USART_Status   0x0002cf       data     extern E:\c18v3.46\pic18-lt\cxx-framework\src\pmc_common\USART\udefs.c
                        W   0x000fe8       data     extern E:\c18v3.46\pic18-lt\cxx-framework\src\traditional\proc\p18f4520.asm
                   WDTCON   0x000fd1       data     extern E:\c18v3.46\pic18-lt\cxx-framework\src\traditional\proc\p18f4520.asm
               WDTCONbits   0x000fd1       data     extern E:\c18v3.46\pic18-lt\cxx-framework\src\traditional\proc\p18f4520.asm
                     WREG   0x000fe8       data     extern E:\c18v3.46\pic18-lt\cxx-framework\src\traditional\proc\p18f4520.asm
                 __AARGB0   0x000007       data     extern E:\c18v3.46\pic18-lt\cxx-framework\src\traditional\math\aarg.asm
                 __AARGB1   0x000006       data     extern E:\c18v3.46\pic18-lt\cxx-framework\src\traditional\math\aarg.asm
                 __AARGB2   0x000005       data     extern E:\c18v3.46\pic18-lt\cxx-framework\src\traditional\math\aarg.asm
                 __AARGB3   0x000004       data     extern E:\c18v3.46\pic18-lt\cxx-framework\src\traditional\math\aarg.asm
                 __AARGB4   0x000003       data     extern E:\c18v3.46\pic18-lt\cxx-framework\src\traditional\math\aarg.asm
                 __AARGB5   0x000002       data     extern E:\c18v3.46\pic18-lt\cxx-framework\src\traditional\math\aarg.asm
                 __AARGB6   0x000001       data     extern E:\c18v3.46\pic18-lt\cxx-framework\src\traditional\math\aarg.asm
                 __AARGB7   0x000000       data     extern E:\c18v3.46\pic18-lt\cxx-framework\src\traditional\math\aarg.asm
                   __AEXP   0x000008       data     extern E:\c18v3.46\pic18-lt\cxx-framework\src\traditional\math\aarg.asm
                 __BARGB0   0x00000c       data     extern E:\c18v3.46\pic18-lt\cxx-framework\src\traditional\math\barg.asm
                 __BARGB1   0x00000b       data     extern E:\c18v3.46\pic18-lt\cxx-framework\src\traditional\math\barg.asm
                 __BARGB2   0x00000a       data     extern E:\c18v3.46\pic18-lt\cxx-framework\src\traditional\math\barg.asm
                 __BARGB3   0x000009       data     extern E:\c18v3.46\pic18-lt\cxx-framework\src\traditional\math\barg.asm
                   __BEXP   0x00000d       data     extern E:\c18v3.46\pic18-lt\cxx-framework\src\traditional\math\barg.asm
                __FPFLAGS   0x00000f       data     extern E:\c18v3.46\pic18-lt\cxx-framework\src\traditional\math\cmath18.asm
            __FPFLAGSbits   0x00000f       data     extern E:\c18v3.46\pic18-lt\cxx-framework\src\traditional\math\cmath18.asm
                  __REMB0   0x000003       data     extern E:\c18v3.46\pic18-lt\cxx-framework\src\traditional\math\aarg.asm
                  __REMB1   0x000002       data     extern E:\c18v3.46\pic18-lt\cxx-framework\src\traditional\math\aarg.asm
                  __REMB2   0x000001       data     extern E:\c18v3.46\pic18-lt\cxx-framework\src\traditional\math\aarg.asm
                  __REMB3   0x000000       data     extern E:\c18v3.46\pic18-lt\cxx-framework\src\traditional\math\aarg.asm
                  __tmp_0   0x000010       data     static C:\Users\IDEONICS-BNG\Documents\GitHub\Up_Timer_2_Mildstone\source\app.c
                  __tmp_0   0x000010       data     static C:\Users\IDEONICS-BNG\Documents\GitHub\Up_Timer_2_Mildstone\source\digitdisplay.c
                  __tmp_0   0x000010       data     static C:\Users\IDEONICS-BNG\Documents\GitHub\Up_Timer_2_Mildstone\source\linearkeypad.c
                  __tmp_0   0x000010       data     static E:\c18v3.46\pic18-lt\cxx-framework\src\pmc_common\EEP\write_B.c
                  __tmp_0   0x000010       data     static E:\c18v3.46\pic18-lt\cxx-framework\src\pmc_common\EEP\read_B.c
                  __tmp_0   0x000010       data     static E:\c18v3.46\pic18-lt\cxx-framework\src\pmc_common\USART\uopen.c
                  __tmp_0   0x000010       data     static C:\Users\IDEONICS-BNG\Documents\GitHub\Up_Timer_2_Mildstone\source\uart.c
                      app   0x000300       data     extern C:\Users\IDEONICS-BNG\Documents\GitHub\Up_Timer_2_Mildstone\source\app.c
           appUpdateCount   0x0002a5       data     extern C:\Users\IDEONICS-BNG\Documents\GitHub\Up_Timer_2_Mildstone\source\timer.c
                curr_byte   0x0002bb       data     static E:\c18v3.46\pic18-lt\cxx-framework\src\traditional\startup\c018i.c
               curr_entry   0x0002bd       data     static E:\c18v3.46\pic18-lt\cxx-framework\src\traditional\startup\c018i.c
                 data_ptr   0x0002bf       data     static E:\c18v3.46\pic18-lt\cxx-framework\src\traditional\startup\c018i.c
             digitDisplay   0x00027e       data     extern C:\Users\IDEONICS-BNG\Documents\GitHub\Up_Timer_2_Mildstone\source\digitdisplay.c
           heartBeatCount   0x0002a1       data     extern C:\Users\IDEONICS-BNG\Documents\GitHub\Up_Timer_2_Mildstone\source\timer.c
       keypadUpdate_count   0x0002a3       data     extern C:\Users\IDEONICS-BNG\Documents\GitHub\Up_Timer_2_Mildstone\source\timer.c
                     keys   0x000408       data     extern C:\Users\IDEONICS-BNG\Documents\GitHub\Up_Timer_2_Mildstone\source\linearkeypad.c
                 ledState   0x0002d1       data     extern C:\Users\IDEONICS-BNG\Documents\GitHub\Up_Timer_2_Mildstone\source\heartBeat.c
                 ledState   0x0002d0       data     static C:\Users\IDEONICS-BNG\Documents\GitHub\Up_Timer_2_Mildstone\source\board.c
                      max   0x0002cb       data     extern C:\Users\IDEONICS-BNG\Documents\GitHub\Up_Timer_2_Mildstone\source\app.c
                  message   0x0002c2       data     extern C:\Users\IDEONICS-BNG\Documents\GitHub\Up_Timer_2_Mildstone\source\main.c
                portValue   0x000400       data     extern C:\Users\IDEONICS-BNG\Documents\GitHub\Up_Timer_2_Mildstone\source\linearkeypad.c
                     prom   0x0002b8       data     static E:\c18v3.46\pic18-lt\cxx-framework\src\traditional\startup\c018i.c
     timeStampUpdateCount   0x0002a7       data     extern C:\Users\IDEONICS-BNG\Documents\GitHub\Up_Timer_2_Mildstone\source\timer.c
                      tmr   0x000299       data     extern C:\Users\IDEONICS-BNG\Documents\GitHub\Up_Timer_2_Mildstone\source\timer.c
                     uart   0x000200       data     extern C:\Users\IDEONICS-BNG\Documents\GitHub\Up_Timer_2_Mildstone\source\uart.c



                              Symbols - Sorted by Address
                     Name    Address   Location    Storage File                     
                ---------  ---------  ---------  --------- ---------                
                   _entry   0x000000    program     extern E:\c18v3.46\pic18-lt\cxx-framework\src\traditional\startup\c018i.c
       ___return_lbl00000   0x000004    program     static                          
                   __init   0x000006    program     extern E:\c18v3.46\pic18-lt\cxx-framework\src\traditional\stdclib\__init.c
           high_interrupt   0x000008    program     extern C:\Users\IDEONICS-BNG\Documents\GitHub\Up_Timer_2_Mildstone\source\interruptvector.c
           ___if_lbl00001   0x000010    program     static                          
       ___return_lbl00000   0x000018    program     static                          
           ___if_lbl00002   0x000018    program     static                          
         EnableInterrupts   0x00001a    program     extern C:\Users\IDEONICS-BNG\Documents\GitHub\Up_Timer_2_Mildstone\source\interruptvector.c
                 FXD1616U   0x000020    program     extern E:\c18v3.46\pic18-lt\cxx-framework\src\traditional\math\fxd1616u.c
                     loop   0x00002a    program     static                          
                  endloop   0x000046    program     static                          
       ___return_lbl00000   0x00004a    program     static                          
                 APP_init   0x0000be    program     extern C:\Users\IDEONICS-BNG\Documents\GitHub\Up_Timer_2_Mildstone\source\app.c
                 APP_task   0x0001c4    program     extern C:\Users\IDEONICS-BNG\Documents\GitHub\Up_Timer_2_Mildstone\source\app.c
           APP_conversion   0x00053c    program     extern C:\Users\IDEONICS-BNG\Documents\GitHub\Up_Timer_2_Mildstone\source\app.c
   APP_resetDisplayBuffer   0x000662    program     extern C:\Users\IDEONICS-BNG\Documents\GitHub\Up_Timer_2_Mildstone\source\app.c
         APP_resetBuffer1   0x000692    program     extern C:\Users\IDEONICS-BNG\Documents\GitHub\Up_Timer_2_Mildstone\source\app.c
         APP_resetBuffer2   0x0006c2    program     extern C:\Users\IDEONICS-BNG\Documents\GitHub\Up_Timer_2_Mildstone\source\app.c
        DigitDisplay_init   0x0006f2    program     extern C:\Users\IDEONICS-BNG\Documents\GitHub\Up_Timer_2_Mildstone\source\digitdisplay.c
        DigitDisplay_task   0x000754    program     extern C:\Users\IDEONICS-BNG\Documents\GitHub\Up_Timer_2_Mildstone\source\digitdisplay.c
DigitDisplay_updateBuffer   0x0007da    program     extern C:\Users\IDEONICS-BNG\Documents\GitHub\Up_Timer_2_Mildstone\source\digitdisplay.c
DigitDisplay_updateBufferBinary   0x0008a4    program     extern C:\Users\IDEONICS-BNG\Documents\GitHub\Up_Timer_2_Mildstone\source\digitdisplay.c
 DigitDisplay_updateDigit   0x0008f8    program     extern C:\Users\IDEONICS-BNG\Documents\GitHub\Up_Timer_2_Mildstone\source\digitdisplay.c
     DigitDisplay_blinkOn   0x00097c    program     extern C:\Users\IDEONICS-BNG\Documents\GitHub\Up_Timer_2_Mildstone\source\digitdisplay.c
    DigitDisplay_blinkOff   0x0009b4    program     extern C:\Users\IDEONICS-BNG\Documents\GitHub\Up_Timer_2_Mildstone\source\digitdisplay.c
       DigitDisplay_clear   0x0009c2    program     extern C:\Users\IDEONICS-BNG\Documents\GitHub\Up_Timer_2_Mildstone\source\digitdisplay.c
       writeToDisplayPort   0x0009f6    program     static C:\Users\IDEONICS-BNG\Documents\GitHub\Up_Timer_2_Mildstone\source\digitdisplay.c
       DigitDisplay_DotOn   0x000a4e    program     extern C:\Users\IDEONICS-BNG\Documents\GitHub\Up_Timer_2_Mildstone\source\digitdisplay.c
                 validate   0x000ab4    program     static C:\Users\IDEONICS-BNG\Documents\GitHub\Up_Timer_2_Mildstone\source\digitdisplay.c
DigitDisplay_updateBufferPartial   0x000af8    program     extern C:\Users\IDEONICS-BNG\Documents\GitHub\Up_Timer_2_Mildstone\source\digitdisplay.c
 DigitDisplay_blinkOn_ind   0x000bd8    program     extern C:\Users\IDEONICS-BNG\Documents\GitHub\Up_Timer_2_Mildstone\source\digitdisplay.c
       UartReceiveHandler   0x000c6a    program     extern C:\Users\IDEONICS-BNG\Documents\GitHub\Up_Timer_2_Mildstone\source\uart.c
      UartTransmitHandler   0x000d34    program     extern C:\Users\IDEONICS-BNG\Documents\GitHub\Up_Timer_2_Mildstone\source\uart.c
                UART_init   0x000dac    program     extern C:\Users\IDEONICS-BNG\Documents\GitHub\Up_Timer_2_Mildstone\source\uart.c
               UART_write   0x000e74    program     extern C:\Users\IDEONICS-BNG\Documents\GitHub\Up_Timer_2_Mildstone\source\uart.c
            UART_transmit   0x000eac    program     extern C:\Users\IDEONICS-BNG\Documents\GitHub\Up_Timer_2_Mildstone\source\uart.c
             UART_hasData   0x000f2e    program     extern C:\Users\IDEONICS-BNG\Documents\GitHub\Up_Timer_2_Mildstone\source\uart.c
                UART_read   0x000f68    program     extern C:\Users\IDEONICS-BNG\Documents\GitHub\Up_Timer_2_Mildstone\source\uart.c
        LinearKeyPad_init   0x000fb8    program     extern C:\Users\IDEONICS-BNG\Documents\GitHub\Up_Timer_2_Mildstone\source\linearkeypad.c
   LinearKeyPad_updateKey   0x000fe8    program     extern C:\Users\IDEONICS-BNG\Documents\GitHub\Up_Timer_2_Mildstone\source\linearkeypad.c
LinearKeyPad_scan_from_to   0x001014    program     extern C:\Users\IDEONICS-BNG\Documents\GitHub\Up_Timer_2_Mildstone\source\linearkeypad.c
        LinearKeyPad_scan   0x00106e    program     extern C:\Users\IDEONICS-BNG\Documents\GitHub\Up_Timer_2_Mildstone\source\linearkeypad.c
 LinearKeyPad_getKeyState   0x0010ba    program     extern C:\Users\IDEONICS-BNG\Documents\GitHub\Up_Timer_2_Mildstone\source\linearkeypad.c
  LinearKeyPad_getPBState   0x0010e4    program     extern C:\Users\IDEONICS-BNG\Documents\GitHub\Up_Timer_2_Mildstone\source\linearkeypad.c
       LinearKeyPad_reset   0x00113e    program     extern C:\Users\IDEONICS-BNG\Documents\GitHub\Up_Timer_2_Mildstone\source\linearkeypad.c
           readKeyPadPort   0x00118c    program     static C:\Users\IDEONICS-BNG\Documents\GitHub\Up_Timer_2_Mildstone\source\linearkeypad.c
                updateKey   0x0011dc    program     static C:\Users\IDEONICS-BNG\Documents\GitHub\Up_Timer_2_Mildstone\source\linearkeypad.c
                 TMR0_ISR   0x0012fc    program     extern C:\Users\IDEONICS-BNG\Documents\GitHub\Up_Timer_2_Mildstone\source\timer.c
                 TMR1_ISR   0x0013e8    program     extern C:\Users\IDEONICS-BNG\Documents\GitHub\Up_Timer_2_Mildstone\source\timer.c
                TMR0_init   0x0014a2    program     extern C:\Users\IDEONICS-BNG\Documents\GitHub\Up_Timer_2_Mildstone\source\timer.c
                TMR1_init   0x0014e8    program     extern C:\Users\IDEONICS-BNG\Documents\GitHub\Up_Timer_2_Mildstone\source\timer.c
               GetAppTime   0x001530    program     extern C:\Users\IDEONICS-BNG\Documents\GitHub\Up_Timer_2_Mildstone\source\timer.c
             ResetAppTime   0x001580    program     extern C:\Users\IDEONICS-BNG\Documents\GitHub\Up_Timer_2_Mildstone\source\timer.c
                     main   0x001590    program     extern C:\Users\IDEONICS-BNG\Documents\GitHub\Up_Timer_2_Mildstone\source\main.c
                _do_cinit   0x001632    program     extern E:\c18v3.46\pic18-lt\cxx-framework\src\traditional\startup\c018i.c
                     test   0x00164c    program     static                          
                copy_loop   0x0016a4    program     static                          
            copy_one_byte   0x0016aa    program     static                          
             done_copying   0x0016b8    program     static                          
       ___return_lbl00002   0x0016ce    program     static                          
                     done   0x0016ce    program     static                          
                OpenUSART   0x0016d0    program     extern E:\c18v3.46\pic18-lt\cxx-framework\src\pmc_common\USART\uopen.c
              Write_b_eep   0x00175a    program     extern E:\c18v3.46\pic18-lt\cxx-framework\src\pmc_common\EEP\write_B.c
                 FXD3232U   0x0017c0    program     extern E:\c18v3.46\pic18-lt\cxx-framework\src\traditional\math\fxd3232u.c
                     loop   0x0017ce    program     static                          
                   _false   0x001802    program     static                          
       ___return_lbl00000   0x001806    program     static                          
               Read_b_eep   0x001808    program     extern E:\c18v3.46\pic18-lt\cxx-framework\src\pmc_common\EEP\read_B.c
       ___return_lbl00000   0x001840    program     static                          
                 BRD_init   0x00184c    program     extern C:\Users\IDEONICS-BNG\Documents\GitHub\Up_Timer_2_Mildstone\source\board.c
               OpenTimer1   0x001890    program     extern E:\c18v3.46\pic18-lt\cxx-framework\src\pmc_common\Timers\t1open.c
                ReadUSART   0x0018d2    program     extern E:\c18v3.46\pic18-lt\cxx-framework\src\pmc_common\USART\uread.c
              WriteTimer1   0x001910    program     extern E:\c18v3.46\pic18-lt\cxx-framework\src\pmc_common\Timers\t1write.c
              WriteTimer0   0x001948    program     extern E:\c18v3.46\pic18-lt\cxx-framework\src\pmc_common\Timers\t0write.c
               OpenTimer0   0x001980    program     extern E:\c18v3.46\pic18-lt\cxx-framework\src\pmc_common\Timers\t0open.c
            __zero_memory   0x0019b8    program     extern E:\c18v3.46\pic18-lt\cxx-framework\src\traditional\proc\p18f4520.asm
                   loop_h   0x0019c6    program     static E:\c18v3.46\pic18-lt\cxx-framework\src\traditional\proc\p18f4520.asm
               zero_block   0x0019c6    program     static E:\c18v3.46\pic18-lt\cxx-framework\src\traditional\proc\p18f4520.asm
                compare_l   0x0019ce    program     static E:\c18v3.46\pic18-lt\cxx-framework\src\traditional\proc\p18f4520.asm
                   loop_l   0x0019d0    program     static E:\c18v3.46\pic18-lt\cxx-framework\src\traditional\proc\p18f4520.asm
                 _startup   0x0019d8    program     extern E:\c18v3.46\pic18-lt\cxx-framework\src\traditional\startup\c018i.c
                     loop   0x0019e8    program     static                          
       ___return_lbl00001   0x0019f2    program     static                          
                  HB_init   0x0019f4    program     extern C:\Users\IDEONICS-BNG\Documents\GitHub\Up_Timer_2_Mildstone\source\heartBeat.c
                  HB_task   0x0019fa    program     extern C:\Users\IDEONICS-BNG\Documents\GitHub\Up_Timer_2_Mildstone\source\heartBeat.c
              Delay10TCYx   0x001a0e    program     extern E:\c18v3.46\pic18-lt\cxx-framework\src\traditional\delays\d10tcyx.asm
                     D10x   0x001a16    program     static E:\c18v3.46\pic18-lt\cxx-framework\src\traditional\delays\d10tcyx.asm
        _D10TCYXCODE_000A   0x001a18    program     static E:\c18v3.46\pic18-lt\cxx-framework\src\traditional\delays\d10tcyx.asm
        _D10TCYXCODE_000C   0x001a1a    program     static E:\c18v3.46\pic18-lt\cxx-framework\src\traditional\delays\d10tcyx.asm
        _D10TCYXCODE_000E   0x001a1c    program     static E:\c18v3.46\pic18-lt\cxx-framework\src\traditional\delays\d10tcyx.asm
                    D10_1   0x001a1e    program     static E:\c18v3.46\pic18-lt\cxx-framework\src\traditional\delays\d10tcyx.asm
                 Busy_eep   0x001a24    program     extern E:\c18v3.46\pic18-lt\cxx-framework\src\pmc_common\EEP\busy_eep.c
               __config_0   0x300001    program     static C:\Users\IDEONICS-BNG\Documents\GitHub\Up_Timer_2_Mildstone\source\main.c
               __config_1   0x300002    program     static C:\Users\IDEONICS-BNG\Documents\GitHub\Up_Timer_2_Mildstone\source\main.c
               __config_2   0x300003    program     static C:\Users\IDEONICS-BNG\Documents\GitHub\Up_Timer_2_Mildstone\source\main.c
               __config_3   0x300005    program     static C:\Users\IDEONICS-BNG\Documents\GitHub\Up_Timer_2_Mildstone\source\main.c
               __config_4   0x300006    program     static C:\Users\IDEONICS-BNG\Documents\GitHub\Up_Timer_2_Mildstone\source\main.c
               __config_5   0x300008    program     static C:\Users\IDEONICS-BNG\Documents\GitHub\Up_Timer_2_Mildstone\source\main.c
               __config_6   0x300009    program     static C:\Users\IDEONICS-BNG\Documents\GitHub\Up_Timer_2_Mildstone\source\main.c
               __config_7   0x30000a    program     static C:\Users\IDEONICS-BNG\Documents\GitHub\Up_Timer_2_Mildstone\source\main.c
               __config_8   0x30000b    program     static C:\Users\IDEONICS-BNG\Documents\GitHub\Up_Timer_2_Mildstone\source\main.c
               __config_9   0x30000c    program     static C:\Users\IDEONICS-BNG\Documents\GitHub\Up_Timer_2_Mildstone\source\main.c
              __config_10   0x30000d    program     static C:\Users\IDEONICS-BNG\Documents\GitHub\Up_Timer_2_Mildstone\source\main.c
                 __AARGB7   0x000000       data     extern E:\c18v3.46\pic18-lt\cxx-framework\src\traditional\math\aarg.asm
                  __REMB3   0x000000       data     extern E:\c18v3.46\pic18-lt\cxx-framework\src\traditional\math\aarg.asm
                 __AARGB6   0x000001       data     extern E:\c18v3.46\pic18-lt\cxx-framework\src\traditional\math\aarg.asm
                  __REMB2   0x000001       data     extern E:\c18v3.46\pic18-lt\cxx-framework\src\traditional\math\aarg.asm
                  __REMB1   0x000002       data     extern E:\c18v3.46\pic18-lt\cxx-framework\src\traditional\math\aarg.asm
                 __AARGB5   0x000002       data     extern E:\c18v3.46\pic18-lt\cxx-framework\src\traditional\math\aarg.asm
                  __REMB0   0x000003       data     extern E:\c18v3.46\pic18-lt\cxx-framework\src\traditional\math\aarg.asm
                 __AARGB4   0x000003       data     extern E:\c18v3.46\pic18-lt\cxx-framework\src\traditional\math\aarg.asm
                 __AARGB3   0x000004       data     extern E:\c18v3.46\pic18-lt\cxx-framework\src\traditional\math\aarg.asm
                 __AARGB2   0x000005       data     extern E:\c18v3.46\pic18-lt\cxx-framework\src\traditional\math\aarg.asm
                 __AARGB1   0x000006       data     extern E:\c18v3.46\pic18-lt\cxx-framework\src\traditional\math\aarg.asm
                 __AARGB0   0x000007       data     extern E:\c18v3.46\pic18-lt\cxx-framework\src\traditional\math\aarg.asm
                   __AEXP   0x000008       data     extern E:\c18v3.46\pic18-lt\cxx-framework\src\traditional\math\aarg.asm
                 __BARGB3   0x000009       data     extern E:\c18v3.46\pic18-lt\cxx-framework\src\traditional\math\barg.asm
                 __BARGB2   0x00000a       data     extern E:\c18v3.46\pic18-lt\cxx-framework\src\traditional\math\barg.asm
                 __BARGB1   0x00000b       data     extern E:\c18v3.46\pic18-lt\cxx-framework\src\traditional\math\barg.asm
                 __BARGB0   0x00000c       data     extern E:\c18v3.46\pic18-lt\cxx-framework\src\traditional\math\barg.asm
                   __BEXP   0x00000d       data     extern E:\c18v3.46\pic18-lt\cxx-framework\src\traditional\math\barg.asm
                     SIGN   0x00000e       data     extern E:\c18v3.46\pic18-lt\cxx-framework\src\traditional\math\cmath18.asm
            __FPFLAGSbits   0x00000f       data     extern E:\c18v3.46\pic18-lt\cxx-framework\src\traditional\math\cmath18.asm
                __FPFLAGS   0x00000f       data     extern E:\c18v3.46\pic18-lt\cxx-framework\src\traditional\math\cmath18.asm
                  __tmp_0   0x000010       data     static C:\Users\IDEONICS-BNG\Documents\GitHub\Up_Timer_2_Mildstone\source\app.c
                  __tmp_0   0x000010       data     static C:\Users\IDEONICS-BNG\Documents\GitHub\Up_Timer_2_Mildstone\source\digitdisplay.c
                  __tmp_0   0x000010       data     static C:\Users\IDEONICS-BNG\Documents\GitHub\Up_Timer_2_Mildstone\source\linearkeypad.c
                  __tmp_0   0x000010       data     static E:\c18v3.46\pic18-lt\cxx-framework\src\pmc_common\EEP\write_B.c
                  __tmp_0   0x000010       data     static E:\c18v3.46\pic18-lt\cxx-framework\src\pmc_common\EEP\read_B.c
                  __tmp_0   0x000010       data     static E:\c18v3.46\pic18-lt\cxx-framework\src\pmc_common\USART\uopen.c
                  __tmp_0   0x000010       data     static C:\Users\IDEONICS-BNG\Documents\GitHub\Up_Timer_2_Mildstone\source\uart.c
                     uart   0x000200       data     extern C:\Users\IDEONICS-BNG\Documents\GitHub\Up_Timer_2_Mildstone\source\uart.c
             digitDisplay   0x00027e       data     extern C:\Users\IDEONICS-BNG\Documents\GitHub\Up_Timer_2_Mildstone\source\digitdisplay.c
                      tmr   0x000299       data     extern C:\Users\IDEONICS-BNG\Documents\GitHub\Up_Timer_2_Mildstone\source\timer.c
           heartBeatCount   0x0002a1       data     extern C:\Users\IDEONICS-BNG\Documents\GitHub\Up_Timer_2_Mildstone\source\timer.c
       keypadUpdate_count   0x0002a3       data     extern C:\Users\IDEONICS-BNG\Documents\GitHub\Up_Timer_2_Mildstone\source\timer.c
           appUpdateCount   0x0002a5       data     extern C:\Users\IDEONICS-BNG\Documents\GitHub\Up_Timer_2_Mildstone\source\timer.c
     timeStampUpdateCount   0x0002a7       data     extern C:\Users\IDEONICS-BNG\Documents\GitHub\Up_Timer_2_Mildstone\source\timer.c
             AppTimestamp   0x0002a9       data     extern C:\Users\IDEONICS-BNG\Documents\GitHub\Up_Timer_2_Mildstone\source\timer.c
             SEVENSEGMENT   0x0002ad       data     static C:\Users\IDEONICS-BNG\Documents\GitHub\Up_Timer_2_Mildstone\source\digitdisplay.c
                     prom   0x0002b8       data     static E:\c18v3.46\pic18-lt\cxx-framework\src\traditional\startup\c018i.c
                curr_byte   0x0002bb       data     static E:\c18v3.46\pic18-lt\cxx-framework\src\traditional\startup\c018i.c
               curr_entry   0x0002bd       data     static E:\c18v3.46\pic18-lt\cxx-framework\src\traditional\startup\c018i.c
                 data_ptr   0x0002bf       data     static E:\c18v3.46\pic18-lt\cxx-framework\src\traditional\startup\c018i.c
                  message   0x0002c2       data     extern C:\Users\IDEONICS-BNG\Documents\GitHub\Up_Timer_2_Mildstone\source\main.c
                      max   0x0002cb       data     extern C:\Users\IDEONICS-BNG\Documents\GitHub\Up_Timer_2_Mildstone\source\app.c
             USART_Status   0x0002cf       data     extern E:\c18v3.46\pic18-lt\cxx-framework\src\pmc_common\USART\udefs.c
                 ledState   0x0002d0       data     static C:\Users\IDEONICS-BNG\Documents\GitHub\Up_Timer_2_Mildstone\source\board.c
                 ledState   0x0002d1       data     extern C:\Users\IDEONICS-BNG\Documents\GitHub\Up_Timer_2_Mildstone\source\heartBeat.c
                      app   0x000300       data     extern C:\Users\IDEONICS-BNG\Documents\GitHub\Up_Timer_2_Mildstone\source\app.c
                portValue   0x000400       data     extern C:\Users\IDEONICS-BNG\Documents\GitHub\Up_Timer_2_Mildstone\source\linearkeypad.c
                     keys   0x000408       data     extern C:\Users\IDEONICS-BNG\Documents\GitHub\Up_Timer_2_Mildstone\source\linearkeypad.c
                PORTAbits   0x000f80       data     extern E:\c18v3.46\pic18-lt\cxx-framework\src\traditional\proc\p18f4520.asm
                    PORTA   0x000f80       data     extern E:\c18v3.46\pic18-lt\cxx-framework\src\traditional\proc\p18f4520.asm
                PORTBbits   0x000f81       data     extern E:\c18v3.46\pic18-lt\cxx-framework\src\traditional\proc\p18f4520.asm
                    PORTB   0x000f81       data     extern E:\c18v3.46\pic18-lt\cxx-framework\src\traditional\proc\p18f4520.asm
                    PORTC   0x000f82       data     extern E:\c18v3.46\pic18-lt\cxx-framework\src\traditional\proc\p18f4520.asm
                PORTCbits   0x000f82       data     extern E:\c18v3.46\pic18-lt\cxx-framework\src\traditional\proc\p18f4520.asm
                    PORTD   0x000f83       data     extern E:\c18v3.46\pic18-lt\cxx-framework\src\traditional\proc\p18f4520.asm
                PORTDbits   0x000f83       data     extern E:\c18v3.46\pic18-lt\cxx-framework\src\traditional\proc\p18f4520.asm
                PORTEbits   0x000f84       data     extern E:\c18v3.46\pic18-lt\cxx-framework\src\traditional\proc\p18f4520.asm
                    PORTE   0x000f84       data     extern E:\c18v3.46\pic18-lt\cxx-framework\src\traditional\proc\p18f4520.asm
                     LATA   0x000f89       data     extern E:\c18v3.46\pic18-lt\cxx-framework\src\traditional\proc\p18f4520.asm
                 LATAbits   0x000f89       data     extern E:\c18v3.46\pic18-lt\cxx-framework\src\traditional\proc\p18f4520.asm
                 LATBbits   0x000f8a       data     extern E:\c18v3.46\pic18-lt\cxx-framework\src\traditional\proc\p18f4520.asm
                     LATB   0x000f8a       data     extern E:\c18v3.46\pic18-lt\cxx-framework\src\traditional\proc\p18f4520.asm
                 LATCbits   0x000f8b       data     extern E:\c18v3.46\pic18-lt\cxx-framework\src\traditional\proc\p18f4520.asm
                     LATC   0x000f8b       data     extern E:\c18v3.46\pic18-lt\cxx-framework\src\traditional\proc\p18f4520.asm
                     LATD   0x000f8c       data     extern E:\c18v3.46\pic18-lt\cxx-framework\src\traditional\proc\p18f4520.asm
                 LATDbits   0x000f8c       data     extern E:\c18v3.46\pic18-lt\cxx-framework\src\traditional\proc\p18f4520.asm
                     LATE   0x000f8d       data     extern E:\c18v3.46\pic18-lt\cxx-framework\src\traditional\proc\p18f4520.asm
                 LATEbits   0x000f8d       data     extern E:\c18v3.46\pic18-lt\cxx-framework\src\traditional\proc\p18f4520.asm
                TRISAbits   0x000f92       data     extern E:\c18v3.46\pic18-lt\cxx-framework\src\traditional\proc\p18f4520.asm
                    TRISA   0x000f92       data     extern E:\c18v3.46\pic18-lt\cxx-framework\src\traditional\proc\p18f4520.asm
                 DDRAbits   0x000f92       data     extern E:\c18v3.46\pic18-lt\cxx-framework\src\traditional\proc\p18f4520.asm
                     DDRA   0x000f92       data     extern E:\c18v3.46\pic18-lt\cxx-framework\src\traditional\proc\p18f4520.asm
                 DDRBbits   0x000f93       data     extern E:\c18v3.46\pic18-lt\cxx-framework\src\traditional\proc\p18f4520.asm
                    TRISB   0x000f93       data     extern E:\c18v3.46\pic18-lt\cxx-framework\src\traditional\proc\p18f4520.asm
                TRISBbits   0x000f93       data     extern E:\c18v3.46\pic18-lt\cxx-framework\src\traditional\proc\p18f4520.asm
                     DDRB   0x000f93       data     extern E:\c18v3.46\pic18-lt\cxx-framework\src\traditional\proc\p18f4520.asm
                 DDRCbits   0x000f94       data     extern E:\c18v3.46\pic18-lt\cxx-framework\src\traditional\proc\p18f4520.asm
                     DDRC   0x000f94       data     extern E:\c18v3.46\pic18-lt\cxx-framework\src\traditional\proc\p18f4520.asm
                    TRISC   0x000f94       data     extern E:\c18v3.46\pic18-lt\cxx-framework\src\traditional\proc\p18f4520.asm
                TRISCbits   0x000f94       data     extern E:\c18v3.46\pic18-lt\cxx-framework\src\traditional\proc\p18f4520.asm
                TRISDbits   0x000f95       data     extern E:\c18v3.46\pic18-lt\cxx-framework\src\traditional\proc\p18f4520.asm
                    TRISD   0x000f95       data     extern E:\c18v3.46\pic18-lt\cxx-framework\src\traditional\proc\p18f4520.asm
                     DDRD   0x000f95       data     extern E:\c18v3.46\pic18-lt\cxx-framework\src\traditional\proc\p18f4520.asm
                 DDRDbits   0x000f95       data     extern E:\c18v3.46\pic18-lt\cxx-framework\src\traditional\proc\p18f4520.asm
                TRISEbits   0x000f96       data     extern E:\c18v3.46\pic18-lt\cxx-framework\src\traditional\proc\p18f4520.asm
                    TRISE   0x000f96       data     extern E:\c18v3.46\pic18-lt\cxx-framework\src\traditional\proc\p18f4520.asm
                     DDRE   0x000f96       data     extern E:\c18v3.46\pic18-lt\cxx-framework\src\traditional\proc\p18f4520.asm
                 DDREbits   0x000f96       data     extern E:\c18v3.46\pic18-lt\cxx-framework\src\traditional\proc\p18f4520.asm
                  OSCTUNE   0x000f9b       data     extern E:\c18v3.46\pic18-lt\cxx-framework\src\traditional\proc\p18f4520.asm
              OSCTUNEbits   0x000f9b       data     extern E:\c18v3.46\pic18-lt\cxx-framework\src\traditional\proc\p18f4520.asm
                     PIE1   0x000f9d       data     extern E:\c18v3.46\pic18-lt\cxx-framework\src\traditional\proc\p18f4520.asm
                 PIE1bits   0x000f9d       data     extern E:\c18v3.46\pic18-lt\cxx-framework\src\traditional\proc\p18f4520.asm
                 PIR1bits   0x000f9e       data     extern E:\c18v3.46\pic18-lt\cxx-framework\src\traditional\proc\p18f4520.asm
                     PIR1   0x000f9e       data     extern E:\c18v3.46\pic18-lt\cxx-framework\src\traditional\proc\p18f4520.asm
                     IPR1   0x000f9f       data     extern E:\c18v3.46\pic18-lt\cxx-framework\src\traditional\proc\p18f4520.asm
                 IPR1bits   0x000f9f       data     extern E:\c18v3.46\pic18-lt\cxx-framework\src\traditional\proc\p18f4520.asm
                 PIE2bits   0x000fa0       data     extern E:\c18v3.46\pic18-lt\cxx-framework\src\traditional\proc\p18f4520.asm
                     PIE2   0x000fa0       data     extern E:\c18v3.46\pic18-lt\cxx-framework\src\traditional\proc\p18f4520.asm
                     PIR2   0x000fa1       data     extern E:\c18v3.46\pic18-lt\cxx-framework\src\traditional\proc\p18f4520.asm
                 PIR2bits   0x000fa1       data     extern E:\c18v3.46\pic18-lt\cxx-framework\src\traditional\proc\p18f4520.asm
                     IPR2   0x000fa2       data     extern E:\c18v3.46\pic18-lt\cxx-framework\src\traditional\proc\p18f4520.asm
                 IPR2bits   0x000fa2       data     extern E:\c18v3.46\pic18-lt\cxx-framework\src\traditional\proc\p18f4520.asm
                   EECON1   0x000fa6       data     extern E:\c18v3.46\pic18-lt\cxx-framework\src\traditional\proc\p18f4520.asm
               EECON1bits   0x000fa6       data     extern E:\c18v3.46\pic18-lt\cxx-framework\src\traditional\proc\p18f4520.asm
                   EECON2   0x000fa7       data     extern E:\c18v3.46\pic18-lt\cxx-framework\src\traditional\proc\p18f4520.asm
                   EEDATA   0x000fa8       data     extern E:\c18v3.46\pic18-lt\cxx-framework\src\traditional\proc\p18f4520.asm
                    EEADR   0x000fa9       data     extern E:\c18v3.46\pic18-lt\cxx-framework\src\traditional\proc\p18f4520.asm
                RCSTAbits   0x000fab       data     extern E:\c18v3.46\pic18-lt\cxx-framework\src\traditional\proc\p18f4520.asm
                    RCSTA   0x000fab       data     extern E:\c18v3.46\pic18-lt\cxx-framework\src\traditional\proc\p18f4520.asm
                    TXSTA   0x000fac       data     extern E:\c18v3.46\pic18-lt\cxx-framework\src\traditional\proc\p18f4520.asm
                TXSTAbits   0x000fac       data     extern E:\c18v3.46\pic18-lt\cxx-framework\src\traditional\proc\p18f4520.asm
                    TXREG   0x000fad       data     extern E:\c18v3.46\pic18-lt\cxx-framework\src\traditional\proc\p18f4520.asm
                    RCREG   0x000fae       data     extern E:\c18v3.46\pic18-lt\cxx-framework\src\traditional\proc\p18f4520.asm
                    SPBRG   0x000faf       data     extern E:\c18v3.46\pic18-lt\cxx-framework\src\traditional\proc\p18f4520.asm
                   SPBRGH   0x000fb0       data     extern E:\c18v3.46\pic18-lt\cxx-framework\src\traditional\proc\p18f4520.asm
                T3CONbits   0x000fb1       data     extern E:\c18v3.46\pic18-lt\cxx-framework\src\traditional\proc\p18f4520.asm
                    T3CON   0x000fb1       data     extern E:\c18v3.46\pic18-lt\cxx-framework\src\traditional\proc\p18f4520.asm
                    TMR3L   0x000fb2       data     extern E:\c18v3.46\pic18-lt\cxx-framework\src\traditional\proc\p18f4520.asm
                    TMR3H   0x000fb3       data     extern E:\c18v3.46\pic18-lt\cxx-framework\src\traditional\proc\p18f4520.asm
                CMCONbits   0x000fb4       data     extern E:\c18v3.46\pic18-lt\cxx-framework\src\traditional\proc\p18f4520.asm
                    CMCON   0x000fb4       data     extern E:\c18v3.46\pic18-lt\cxx-framework\src\traditional\proc\p18f4520.asm
               CVRCONbits   0x000fb5       data     extern E:\c18v3.46\pic18-lt\cxx-framework\src\traditional\proc\p18f4520.asm
                   CVRCON   0x000fb5       data     extern E:\c18v3.46\pic18-lt\cxx-framework\src\traditional\proc\p18f4520.asm
               ECCPASbits   0x000fb6       data     extern E:\c18v3.46\pic18-lt\cxx-framework\src\traditional\proc\p18f4520.asm
                   ECCPAS   0x000fb6       data     extern E:\c18v3.46\pic18-lt\cxx-framework\src\traditional\proc\p18f4520.asm
              ECCP1ASbits   0x000fb6       data     extern E:\c18v3.46\pic18-lt\cxx-framework\src\traditional\proc\p18f4520.asm
                  ECCP1AS   0x000fb6       data     extern E:\c18v3.46\pic18-lt\cxx-framework\src\traditional\proc\p18f4520.asm
             ECCP1DELbits   0x000fb7       data     extern E:\c18v3.46\pic18-lt\cxx-framework\src\traditional\proc\p18f4520.asm
                 ECCP1DEL   0x000fb7       data     extern E:\c18v3.46\pic18-lt\cxx-framework\src\traditional\proc\p18f4520.asm
                  PWM1CON   0x000fb7       data     extern E:\c18v3.46\pic18-lt\cxx-framework\src\traditional\proc\p18f4520.asm
              PWM1CONbits   0x000fb7       data     extern E:\c18v3.46\pic18-lt\cxx-framework\src\traditional\proc\p18f4520.asm
              BAUDCTLbits   0x000fb8       data     extern E:\c18v3.46\pic18-lt\cxx-framework\src\traditional\proc\p18f4520.asm
                  BAUDCTL   0x000fb8       data     extern E:\c18v3.46\pic18-lt\cxx-framework\src\traditional\proc\p18f4520.asm
              BAUDCONbits   0x000fb8       data     extern E:\c18v3.46\pic18-lt\cxx-framework\src\traditional\proc\p18f4520.asm
                  BAUDCON   0x000fb8       data     extern E:\c18v3.46\pic18-lt\cxx-framework\src\traditional\proc\p18f4520.asm
                  CCP2CON   0x000fba       data     extern E:\c18v3.46\pic18-lt\cxx-framework\src\traditional\proc\p18f4520.asm
              CCP2CONbits   0x000fba       data     extern E:\c18v3.46\pic18-lt\cxx-framework\src\traditional\proc\p18f4520.asm
                   CCPR2L   0x000fbb       data     extern E:\c18v3.46\pic18-lt\cxx-framework\src\traditional\proc\p18f4520.asm
                    CCPR2   0x000fbb       data     extern E:\c18v3.46\pic18-lt\cxx-framework\src\traditional\proc\p18f4520.asm
                   CCPR2H   0x000fbc       data     extern E:\c18v3.46\pic18-lt\cxx-framework\src\traditional\proc\p18f4520.asm
              CCP1CONbits   0x000fbd       data     extern E:\c18v3.46\pic18-lt\cxx-framework\src\traditional\proc\p18f4520.asm
                  CCP1CON   0x000fbd       data     extern E:\c18v3.46\pic18-lt\cxx-framework\src\traditional\proc\p18f4520.asm
                    CCPR1   0x000fbe       data     extern E:\c18v3.46\pic18-lt\cxx-framework\src\traditional\proc\p18f4520.asm
                   CCPR1L   0x000fbe       data     extern E:\c18v3.46\pic18-lt\cxx-framework\src\traditional\proc\p18f4520.asm
                   CCPR1H   0x000fbf       data     extern E:\c18v3.46\pic18-lt\cxx-framework\src\traditional\proc\p18f4520.asm
                   ADCON2   0x000fc0       data     extern E:\c18v3.46\pic18-lt\cxx-framework\src\traditional\proc\p18f4520.asm
               ADCON2bits   0x000fc0       data     extern E:\c18v3.46\pic18-lt\cxx-framework\src\traditional\proc\p18f4520.asm
                   ADCON1   0x000fc1       data     extern E:\c18v3.46\pic18-lt\cxx-framework\src\traditional\proc\p18f4520.asm
               ADCON1bits   0x000fc1       data     extern E:\c18v3.46\pic18-lt\cxx-framework\src\traditional\proc\p18f4520.asm
                   ADCON0   0x000fc2       data     extern E:\c18v3.46\pic18-lt\cxx-framework\src\traditional\proc\p18f4520.asm
               ADCON0bits   0x000fc2       data     extern E:\c18v3.46\pic18-lt\cxx-framework\src\traditional\proc\p18f4520.asm
                    ADRES   0x000fc3       data     extern E:\c18v3.46\pic18-lt\cxx-framework\src\traditional\proc\p18f4520.asm
                   ADRESL   0x000fc3       data     extern E:\c18v3.46\pic18-lt\cxx-framework\src\traditional\proc\p18f4520.asm
                   ADRESH   0x000fc4       data     extern E:\c18v3.46\pic18-lt\cxx-framework\src\traditional\proc\p18f4520.asm
                  SSPCON2   0x000fc5       data     extern E:\c18v3.46\pic18-lt\cxx-framework\src\traditional\proc\p18f4520.asm
              SSPCON2bits   0x000fc5       data     extern E:\c18v3.46\pic18-lt\cxx-framework\src\traditional\proc\p18f4520.asm
                  SSPCON1   0x000fc6       data     extern E:\c18v3.46\pic18-lt\cxx-framework\src\traditional\proc\p18f4520.asm
              SSPCON1bits   0x000fc6       data     extern E:\c18v3.46\pic18-lt\cxx-framework\src\traditional\proc\p18f4520.asm
                  SSPSTAT   0x000fc7       data     extern E:\c18v3.46\pic18-lt\cxx-framework\src\traditional\proc\p18f4520.asm
              SSPSTATbits   0x000fc7       data     extern E:\c18v3.46\pic18-lt\cxx-framework\src\traditional\proc\p18f4520.asm
                   SSPADD   0x000fc8       data     extern E:\c18v3.46\pic18-lt\cxx-framework\src\traditional\proc\p18f4520.asm
                   SSPBUF   0x000fc9       data     extern E:\c18v3.46\pic18-lt\cxx-framework\src\traditional\proc\p18f4520.asm
                    T2CON   0x000fca       data     extern E:\c18v3.46\pic18-lt\cxx-framework\src\traditional\proc\p18f4520.asm
                T2CONbits   0x000fca       data     extern E:\c18v3.46\pic18-lt\cxx-framework\src\traditional\proc\p18f4520.asm
                      PR2   0x000fcb       data     extern E:\c18v3.46\pic18-lt\cxx-framework\src\traditional\proc\p18f4520.asm
                     TMR2   0x000fcc       data     extern E:\c18v3.46\pic18-lt\cxx-framework\src\traditional\proc\p18f4520.asm
                T1CONbits   0x000fcd       data     extern E:\c18v3.46\pic18-lt\cxx-framework\src\traditional\proc\p18f4520.asm
                    T1CON   0x000fcd       data     extern E:\c18v3.46\pic18-lt\cxx-framework\src\traditional\proc\p18f4520.asm
                    TMR1L   0x000fce       data     extern E:\c18v3.46\pic18-lt\cxx-framework\src\traditional\proc\p18f4520.asm
                    TMR1H   0x000fcf       data     extern E:\c18v3.46\pic18-lt\cxx-framework\src\traditional\proc\p18f4520.asm
                     RCON   0x000fd0       data     extern E:\c18v3.46\pic18-lt\cxx-framework\src\traditional\proc\p18f4520.asm
                 RCONbits   0x000fd0       data     extern E:\c18v3.46\pic18-lt\cxx-framework\src\traditional\proc\p18f4520.asm
               WDTCONbits   0x000fd1       data     extern E:\c18v3.46\pic18-lt\cxx-framework\src\traditional\proc\p18f4520.asm
                   WDTCON   0x000fd1       data     extern E:\c18v3.46\pic18-lt\cxx-framework\src\traditional\proc\p18f4520.asm
               LVDCONbits   0x000fd2       data     extern E:\c18v3.46\pic18-lt\cxx-framework\src\traditional\proc\p18f4520.asm
                   LVDCON   0x000fd2       data     extern E:\c18v3.46\pic18-lt\cxx-framework\src\traditional\proc\p18f4520.asm
              HLVDCONbits   0x000fd2       data     extern E:\c18v3.46\pic18-lt\cxx-framework\src\traditional\proc\p18f4520.asm
                  HLVDCON   0x000fd2       data     extern E:\c18v3.46\pic18-lt\cxx-framework\src\traditional\proc\p18f4520.asm
               OSCCONbits   0x000fd3       data     extern E:\c18v3.46\pic18-lt\cxx-framework\src\traditional\proc\p18f4520.asm
                   OSCCON   0x000fd3       data     extern E:\c18v3.46\pic18-lt\cxx-framework\src\traditional\proc\p18f4520.asm
                T0CONbits   0x000fd5       data     extern E:\c18v3.46\pic18-lt\cxx-framework\src\traditional\proc\p18f4520.asm
                    T0CON   0x000fd5       data     extern E:\c18v3.46\pic18-lt\cxx-framework\src\traditional\proc\p18f4520.asm
                    TMR0L   0x000fd6       data     extern E:\c18v3.46\pic18-lt\cxx-framework\src\traditional\proc\p18f4520.asm
                    TMR0H   0x000fd7       data     extern E:\c18v3.46\pic18-lt\cxx-framework\src\traditional\proc\p18f4520.asm
               STATUSbits   0x000fd8       data     extern E:\c18v3.46\pic18-lt\cxx-framework\src\traditional\proc\p18f4520.asm
                   STATUS   0x000fd8       data     extern E:\c18v3.46\pic18-lt\cxx-framework\src\traditional\proc\p18f4520.asm
                    FSR2L   0x000fd9       data     extern E:\c18v3.46\pic18-lt\cxx-framework\src\traditional\proc\p18f4520.asm
                     FSR2   0x000fd9       data     extern E:\c18v3.46\pic18-lt\cxx-framework\src\traditional\proc\p18f4520.asm
                    FSR2H   0x000fda       data     extern E:\c18v3.46\pic18-lt\cxx-framework\src\traditional\proc\p18f4520.asm
                   PLUSW2   0x000fdb       data     extern E:\c18v3.46\pic18-lt\cxx-framework\src\traditional\proc\p18f4520.asm
                  PREINC2   0x000fdc       data     extern E:\c18v3.46\pic18-lt\cxx-framework\src\traditional\proc\p18f4520.asm
                 POSTDEC2   0x000fdd       data     extern E:\c18v3.46\pic18-lt\cxx-framework\src\traditional\proc\p18f4520.asm
                 POSTINC2   0x000fde       data     extern E:\c18v3.46\pic18-lt\cxx-framework\src\traditional\proc\p18f4520.asm
                    INDF2   0x000fdf       data     extern E:\c18v3.46\pic18-lt\cxx-framework\src\traditional\proc\p18f4520.asm
                      BSR   0x000fe0       data     extern E:\c18v3.46\pic18-lt\cxx-framework\src\traditional\proc\p18f4520.asm
                     FSR1   0x000fe1       data     extern E:\c18v3.46\pic18-lt\cxx-framework\src\traditional\proc\p18f4520.asm
                    FSR1L   0x000fe1       data     extern E:\c18v3.46\pic18-lt\cxx-framework\src\traditional\proc\p18f4520.asm
                    FSR1H   0x000fe2       data     extern E:\c18v3.46\pic18-lt\cxx-framework\src\traditional\proc\p18f4520.asm
                   PLUSW1   0x000fe3       data     extern E:\c18v3.46\pic18-lt\cxx-framework\src\traditional\proc\p18f4520.asm
                  PREINC1   0x000fe4       data     extern E:\c18v3.46\pic18-lt\cxx-framework\src\traditional\proc\p18f4520.asm
                 POSTDEC1   0x000fe5       data     extern E:\c18v3.46\pic18-lt\cxx-framework\src\traditional\proc\p18f4520.asm
                 POSTINC1   0x000fe6       data     extern E:\c18v3.46\pic18-lt\cxx-framework\src\traditional\proc\p18f4520.asm
                    INDF1   0x000fe7       data     extern E:\c18v3.46\pic18-lt\cxx-framework\src\traditional\proc\p18f4520.asm
                        W   0x000fe8       data     extern E:\c18v3.46\pic18-lt\cxx-framework\src\traditional\proc\p18f4520.asm
                     WREG   0x000fe8       data     extern E:\c18v3.46\pic18-lt\cxx-framework\src\traditional\proc\p18f4520.asm
                     FSR0   0x000fe9       data     extern E:\c18v3.46\pic18-lt\cxx-framework\src\traditional\proc\p18f4520.asm
                    FSR0L   0x000fe9       data     extern E:\c18v3.46\pic18-lt\cxx-framework\src\traditional\proc\p18f4520.asm
                    FSR0H   0x000fea       data     extern E:\c18v3.46\pic18-lt\cxx-framework\src\traditional\proc\p18f4520.asm
                   PLUSW0   0x000feb       data     extern E:\c18v3.46\pic18-lt\cxx-framework\src\traditional\proc\p18f4520.asm
                  PREINC0   0x000fec       data     extern E:\c18v3.46\pic18-lt\cxx-framework\src\traditional\proc\p18f4520.asm
                 POSTDEC0   0x000fed       data     extern E:\c18v3.46\pic18-lt\cxx-framework\src\traditional\proc\p18f4520.asm
                 POSTINC0   0x000fee       data     extern E:\c18v3.46\pic18-lt\cxx-framework\src\traditional\proc\p18f4520.asm
                    INDF0   0x000fef       data     extern E:\c18v3.46\pic18-lt\cxx-framework\src\traditional\proc\p18f4520.asm
              INTCON3bits   0x000ff0       data     extern E:\c18v3.46\pic18-lt\cxx-framework\src\traditional\proc\p18f4520.asm
                  INTCON3   0x000ff0       data     extern E:\c18v3.46\pic18-lt\cxx-framework\src\traditional\proc\p18f4520.asm
              INTCON2bits   0x000ff1       data     extern E:\c18v3.46\pic18-lt\cxx-framework\src\traditional\proc\p18f4520.asm
                  INTCON2   0x000ff1       data     extern E:\c18v3.46\pic18-lt\cxx-framework\src\traditional\proc\p18f4520.asm
               INTCONbits   0x000ff2       data     extern E:\c18v3.46\pic18-lt\cxx-framework\src\traditional\proc\p18f4520.asm
                   INTCON   0x000ff2       data     extern E:\c18v3.46\pic18-lt\cxx-framework\src\traditional\proc\p18f4520.asm
                     PROD   0x000ff3       data     extern E:\c18v3.46\pic18-lt\cxx-framework\src\traditional\proc\p18f4520.asm
                    PRODL   0x000ff3       data     extern E:\c18v3.46\pic18-lt\cxx-framework\src\traditional\proc\p18f4520.asm
                    PRODH   0x000ff4       data     extern E:\c18v3.46\pic18-lt\cxx-framework\src\traditional\proc\p18f4520.asm
                   TABLAT   0x000ff5       data     extern E:\c18v3.46\pic18-lt\cxx-framework\src\traditional\proc\p18f4520.asm
                  TBLPTRL   0x000ff6       data     extern E:\c18v3.46\pic18-lt\cxx-framework\src\traditional\proc\p18f4520.asm
                   TBLPTR   0x000ff6       data     extern E:\c18v3.46\pic18-lt\cxx-framework\src\traditional\proc\p18f4520.asm
                  TBLPTRH   0x000ff7       data     extern E:\c18v3.46\pic18-lt\cxx-framework\src\traditional\proc\p18f4520.asm
                  TBLPTRU   0x000ff8       data     extern E:\c18v3.46\pic18-lt\cxx-framework\src\traditional\proc\p18f4520.asm
                      PCL   0x000ff9       data     extern E:\c18v3.46\pic18-lt\cxx-framework\src\traditional\proc\p18f4520.asm
                       PC   0x000ff9       data     extern E:\c18v3.46\pic18-lt\cxx-framework\src\traditional\proc\p18f4520.asm
                   PCLATH   0x000ffa       data     extern E:\c18v3.46\pic18-lt\cxx-framework\src\traditional\proc\p18f4520.asm
                   PCLATU   0x000ffb       data     extern E:\c18v3.46\pic18-lt\cxx-framework\src\traditional\proc\p18f4520.asm
               STKPTRbits   0x000ffc       data     extern E:\c18v3.46\pic18-lt\cxx-framework\src\traditional\proc\p18f4520.asm
                   STKPTR   0x000ffc       data     extern E:\c18v3.46\pic18-lt\cxx-framework\src\traditional\proc\p18f4520.asm
                     TOSL   0x000ffd       data     extern E:\c18v3.46\pic18-lt\cxx-framework\src\traditional\proc\p18f4520.asm
                      TOS   0x000ffd       data     extern E:\c18v3.46\pic18-lt\cxx-framework\src\traditional\proc\p18f4520.asm
                     TOSH   0x000ffe       data     extern E:\c18v3.46\pic18-lt\cxx-framework\src\traditional\proc\p18f4520.asm
                     TOSU   0x000fff       data     extern E:\c18v3.46\pic18-lt\cxx-framework\src\traditional\proc\p18f4520.asm


